Archive member included to satisfy reference by file (symbol)

c:/users/hiroshi/desktop/stm32toolchain/gnu-arm/5.4 2016q3/bin/../lib/gcc/arm-none-eabi/5.4.1/../../../../arm-none-eabi/lib/armv7-m\libm.a(lib_a-w_log.o)
                              ./src/main.o (log)
c:/users/hiroshi/desktop/stm32toolchain/gnu-arm/5.4 2016q3/bin/../lib/gcc/arm-none-eabi/5.4.1/../../../../arm-none-eabi/lib/armv7-m\libm.a(lib_a-e_log.o)
                              c:/users/hiroshi/desktop/stm32toolchain/gnu-arm/5.4 2016q3/bin/../lib/gcc/arm-none-eabi/5.4.1/../../../../arm-none-eabi/lib/armv7-m\libm.a(lib_a-w_log.o) (__ieee754_log)
c:/users/hiroshi/desktop/stm32toolchain/gnu-arm/5.4 2016q3/bin/../lib/gcc/arm-none-eabi/5.4.1/../../../../arm-none-eabi/lib/armv7-m\libm.a(lib_a-s_lib_ver.o)
                              c:/users/hiroshi/desktop/stm32toolchain/gnu-arm/5.4 2016q3/bin/../lib/gcc/arm-none-eabi/5.4.1/../../../../arm-none-eabi/lib/armv7-m\libm.a(lib_a-w_log.o) (__fdlib_version)
c:/users/hiroshi/desktop/stm32toolchain/gnu-arm/5.4 2016q3/bin/../lib/gcc/arm-none-eabi/5.4.1/../../../../arm-none-eabi/lib/armv7-m\libm.a(lib_a-s_matherr.o)
                              c:/users/hiroshi/desktop/stm32toolchain/gnu-arm/5.4 2016q3/bin/../lib/gcc/arm-none-eabi/5.4.1/../../../../arm-none-eabi/lib/armv7-m\libm.a(lib_a-w_log.o) (matherr)
c:/users/hiroshi/desktop/stm32toolchain/gnu-arm/5.4 2016q3/bin/../lib/gcc/arm-none-eabi/5.4.1/../../../../arm-none-eabi/lib/armv7-m\libm.a(lib_a-s_nan.o)
                              c:/users/hiroshi/desktop/stm32toolchain/gnu-arm/5.4 2016q3/bin/../lib/gcc/arm-none-eabi/5.4.1/../../../../arm-none-eabi/lib/armv7-m\libm.a(lib_a-w_log.o) (nan)
c:/users/hiroshi/desktop/stm32toolchain/gnu-arm/5.4 2016q3/bin/../lib/gcc/arm-none-eabi/5.4.1/armv7-m\libgcc.a(_arm_addsubdf3.o)
                              c:/users/hiroshi/desktop/stm32toolchain/gnu-arm/5.4 2016q3/bin/../lib/gcc/arm-none-eabi/5.4.1/../../../../arm-none-eabi/lib/armv7-m\libm.a(lib_a-e_log.o) (__aeabi_dsub)
c:/users/hiroshi/desktop/stm32toolchain/gnu-arm/5.4 2016q3/bin/../lib/gcc/arm-none-eabi/5.4.1/armv7-m\libgcc.a(_arm_muldivdf3.o)
                              ./src/main.o (__aeabi_dmul)
c:/users/hiroshi/desktop/stm32toolchain/gnu-arm/5.4 2016q3/bin/../lib/gcc/arm-none-eabi/5.4.1/armv7-m\libgcc.a(_arm_cmpdf2.o)
                              c:/users/hiroshi/desktop/stm32toolchain/gnu-arm/5.4 2016q3/bin/../lib/gcc/arm-none-eabi/5.4.1/../../../../arm-none-eabi/lib/armv7-m\libm.a(lib_a-w_log.o) (__aeabi_dcmpeq)
c:/users/hiroshi/desktop/stm32toolchain/gnu-arm/5.4 2016q3/bin/../lib/gcc/arm-none-eabi/5.4.1/armv7-m\libgcc.a(_arm_unorddf2.o)
                              c:/users/hiroshi/desktop/stm32toolchain/gnu-arm/5.4 2016q3/bin/../lib/gcc/arm-none-eabi/5.4.1/../../../../arm-none-eabi/lib/armv7-m\libm.a(lib_a-w_log.o) (__aeabi_dcmpun)
c:/users/hiroshi/desktop/stm32toolchain/gnu-arm/5.4 2016q3/bin/../lib/gcc/arm-none-eabi/5.4.1/armv7-m\libgcc.a(_arm_fixunsdfsi.o)
                              ./src/main.o (__aeabi_d2uiz)
c:/users/hiroshi/desktop/stm32toolchain/gnu-arm/5.4 2016q3/bin/../lib/gcc/arm-none-eabi/5.4.1/armv7-m\libgcc.a(unwind-arm.o)
                              ./system/src/newlib/_cxx.o (__aeabi_unwind_cpp_pr1)
c:/users/hiroshi/desktop/stm32toolchain/gnu-arm/5.4 2016q3/bin/../lib/gcc/arm-none-eabi/5.4.1/armv7-m\libgcc.a(libunwind.o)
                              c:/users/hiroshi/desktop/stm32toolchain/gnu-arm/5.4 2016q3/bin/../lib/gcc/arm-none-eabi/5.4.1/armv7-m\libgcc.a(unwind-arm.o) (restore_core_regs)
c:/users/hiroshi/desktop/stm32toolchain/gnu-arm/5.4 2016q3/bin/../lib/gcc/arm-none-eabi/5.4.1/armv7-m\libgcc.a(pr-support.o)
                              c:/users/hiroshi/desktop/stm32toolchain/gnu-arm/5.4 2016q3/bin/../lib/gcc/arm-none-eabi/5.4.1/armv7-m\libgcc.a(unwind-arm.o) (__gnu_unwind_execute)
c:/users/hiroshi/desktop/stm32toolchain/gnu-arm/5.4 2016q3/bin/../lib/gcc/arm-none-eabi/5.4.1/../../../../arm-none-eabi/lib/armv7-m\libg_nano.a(lib_a-errno.o)
                              ./system/src/newlib/_sbrk.o (__errno)
c:/users/hiroshi/desktop/stm32toolchain/gnu-arm/5.4 2016q3/bin/../lib/gcc/arm-none-eabi/5.4.1/../../../../arm-none-eabi/lib/armv7-m\libg_nano.a(lib_a-impure.o)
                              c:/users/hiroshi/desktop/stm32toolchain/gnu-arm/5.4 2016q3/bin/../lib/gcc/arm-none-eabi/5.4.1/../../../../arm-none-eabi/lib/armv7-m\libg_nano.a(lib_a-errno.o) (_impure_ptr)
c:/users/hiroshi/desktop/stm32toolchain/gnu-arm/5.4 2016q3/bin/../lib/gcc/arm-none-eabi/5.4.1/../../../../arm-none-eabi/lib/armv7-m\libg_nano.a(lib_a-init.o)
                              ./system/src/cmsis/startup_stm32f103xb.o (__libc_init_array)
c:/users/hiroshi/desktop/stm32toolchain/gnu-arm/5.4 2016q3/bin/../lib/gcc/arm-none-eabi/5.4.1/../../../../arm-none-eabi/lib/armv7-m\libg_nano.a(lib_a-memcpy-stub.o)
                              ./Middlewares/Third_Party/FreeRTOS/Source/queue.o (memcpy)
[...]
Memory Configuration

Name             Origin             Length             Attributes
FLASH            0x08000000         0x00020000         xr
RAM              0x20000000         0x00005000         xrw
CCMRAM           0x10000000         0x00000000         xrw
FLASHB1          0x00000000         0x00000000         xr
EXTMEMB0         0x00000000         0x00000000         xr
EXTMEMB1         0x00000000         0x00000000         xr
EXTMEMB2         0x00000000         0x00000000         xr
EXTMEMB3         0x00000000         0x00000000         xr
*default*        0x00000000         0xffffffff

Linker script and memory map

LOAD ./system/src/stm32f1xx/stm32f1xx_hal.o
LOAD ./system/src/stm32f1xx/stm32f1xx_hal_can.o
LOAD ./system/src/stm32f1xx/stm32f1xx_hal_cortex.o
LOAD ./system/src/stm32f1xx/stm32f1xx_hal_dma.o
LOAD ./system/src/stm32f1xx/stm32f1xx_hal_flash.o
LOAD ./system/src/stm32f1xx/stm32f1xx_hal_flash_ex.o
LOAD ./system/src/stm32f1xx/stm32f1xx_hal_gpio.o
LOAD ./system/src/stm32f1xx/stm32f1xx_hal_gpio_ex.o
LOAD ./system/src/stm32f1xx/stm32f1xx_hal_pwr.o
LOAD ./system/src/stm32f1xx/stm32f1xx_hal_rcc.o
LOAD ./system/src/stm32f1xx/stm32f1xx_hal_rcc_ex.o
LOAD ./system/src/stm32f1xx/stm32f1xx_hal_spi.o
LOAD ./system/src/stm32f1xx/stm32f1xx_hal_spi_ex.o
LOAD ./system/src/stm32f1xx/stm32f1xx_hal_tim.o
LOAD ./system/src/stm32f1xx/stm32f1xx_hal_tim_ex.o
LOAD ./system/src/stm32f1xx/stm32f1xx_hal_uart.o
LOAD ./system/src/newlib/_cxx.o
LOAD ./system/src/newlib/_exit.o
LOAD ./system/src/newlib/_sbrk.o
LOAD ./system/src/newlib/_startup.o
LOAD ./system/src/newlib/_syscalls.o
LOAD ./system/src/newlib/assert.o
LOAD ./system/src/diag/Trace.o
LOAD ./system/src/diag/trace_impl.o
LOAD ./system/src/cortexm/_initialize_hardware.o
LOAD ./system/src/cortexm/_reset_hardware.o
LOAD ./system/src/cortexm/exception_handlers.o
LOAD ./system/src/cmsis/startup_stm32f103xb.o
LOAD ./system/src/cmsis/system_stm32f1xx.o
LOAD ./src/freertos.o
LOAD ./src/main.o
LOAD ./src/stm32f1xx_hal_msp.o
LOAD ./src/stm32f1xx_it.o
LOAD ./Middlewares/Third_Party/FreeRTOS/Source/portable/MemMang/heap_4.o
LOAD ./Middlewares/Third_Party/FreeRTOS/Source/portable/GCC/ARM_CM3/port.o
LOAD ./Middlewares/Third_Party/FreeRTOS/Source/CMSIS_RTOS/cmsis_os.o
LOAD ./Middlewares/Third_Party/FreeRTOS/Source/croutine.o
LOAD ./Middlewares/Third_Party/FreeRTOS/Source/event_groups.o
LOAD ./Middlewares/Third_Party/FreeRTOS/Source/list.o
LOAD ./Middlewares/Third_Party/FreeRTOS/Source/queue.o
LOAD ./Middlewares/Third_Party/FreeRTOS/Source/tasks.o
LOAD ./Middlewares/Third_Party/FreeRTOS/Source/timers.o
LOAD c:/users/hiroshi/desktop/stm32toolchain/gnu-arm/5.4 2016q3/bin/../lib/gcc/arm-none-eabi/5.4.1/../../../../arm-none-eabi/lib/armv7-m\libstdc++_nano.a
LOAD c:/users/hiroshi/desktop/stm32toolchain/gnu-arm/5.4 2016q3/bin/../lib/gcc/arm-none-eabi/5.4.1/../../../../arm-none-eabi/lib/armv7-m\libm.a
START GROUP
LOAD c:/users/hiroshi/desktop/stm32toolchain/gnu-arm/5.4 2016q3/bin/../lib/gcc/arm-none-eabi/5.4.1/armv7-m\libgcc.a
LOAD c:/users/hiroshi/desktop/stm32toolchain/gnu-arm/5.4 2016q3/bin/../lib/gcc/arm-none-eabi/5.4.1/../../../../arm-none-eabi/lib/armv7-m\libg_nano.a
LOAD c:/users/hiroshi/desktop/stm32toolchain/gnu-arm/5.4 2016q3/bin/../lib/gcc/arm-none-eabi/5.4.1/../../../../arm-none-eabi/lib/armv7-m\libc_nano.a
END GROUP
START GROUP
LOAD c:/users/hiroshi/desktop/stm32toolchain/gnu-arm/5.4 2016q3/bin/../lib/gcc/arm-none-eabi/5.4.1/armv7-m\libgcc.a
LOAD c:/users/hiroshi/desktop/stm32toolchain/gnu-arm/5.4 2016q3/bin/../lib/gcc/arm-none-eabi/5.4.1/../../../../arm-none-eabi/lib/armv7-m\libc_nano.a
END GROUP
                0x20005000                __stack = (ORIGIN (RAM) + LENGTH (RAM))
                0x20005000                _estack = __stack
                0x00000400                __Main_Stack_Size = 0x400
                [!provide]                PROVIDE (_Main_Stack_Size, __Main_Stack_Size)
                0x20004c00                __Main_Stack_Limit = (__stack - __Main_Stack_Size)
                [!provide]                PROVIDE (_Main_Stack_Limit, __Main_Stack_Limit)
                0x00000100                _Minimum_Stack_Size = 0x100
                0x200012e4                PROVIDE (_Heap_Begin, _end_noinit)
                0x20004c00                PROVIDE (_Heap_Limit, (__stack - __Main_Stack_Size))

.isr_vector     0x08000000      0x324
 FILL mask 0xff
                0x08000000                __vectors_start = ABSOLUTE (.)
                0x08000000                __vectors_start__ = ABSOLUTE (.)
 *(.isr_vector)
 .isr_vector    0x08000000      0x10c ./system/src/cmsis/startup_stm32f103xb.o
                0x08000000                g_pfnVectors
 *(.cfmconfig)
 *(.after_vectors .after_vectors.*)
 .after_vectors
                0x0800010c      0x114 ./system/src/newlib/_startup.o
                0x0800010c                _start
 .after_vectors
                0x08000220      0x104 ./system/src/cortexm/exception_handlers.o
                0x08000220                Reset_Handler
                0x08000240                HardFault_Handler_C
                0x0800028c                BusFault_Handler_C
                0x080002d4                UsageFault_Handler_C

.inits          0x08000324       0x28
                0x08000324                __data_regions_array_start = .
                0x08000324        0x4 LONG 0x8005cf0 LOADADDR (.data)
                0x08000328        0x4 LONG 0x20000000 ADDR (.data)
                0x0800032c        0x4 LONG 0x200001e8 (ADDR (.data) + SIZEOF (.data))
                0x08000330        0x4 LONG 0x8005cf0 LOADADDR (.data_CCMRAM)
                0x08000334        0x4 LONG 0x10000000 ADDR (.data_CCMRAM)
                0x08000338        0x4 LONG 0x10000000 (ADDR (.data_CCMRAM) + SIZEOF (.data_CCMRAM))
                0x0800033c                __data_regions_array_end = .
                0x0800033c                __bss_regions_array_start = .
                0x0800033c        0x4 LONG 0x200001e8 ADDR (.bss)
                0x08000340        0x4 LONG 0x200012e4 (ADDR (.bss) + SIZEOF (.bss))
                0x08000344        0x4 LONG 0x10000000 ADDR (.bss_CCMRAM)
                0x08000348        0x4 LONG 0x10000000 (ADDR (.bss_CCMRAM) + SIZEOF (.bss_CCMRAM))
                0x0800034c                __bss_regions_array_end = .
 *(.init)
 *(.fini)
                0x0800034c                . = ALIGN (0x4)
                0x0800034c                PROVIDE (__preinit_array_start, .)
 *(.preinit_array_sysinit .preinit_array_sysinit.*)
 *(.preinit_array_platform .preinit_array_platform.*)
 *(.preinit_array .preinit_array.*)
                0x0800034c                PROVIDE (__preinit_array_end, .)
                0x0800034c                . = ALIGN (0x4)
                0x0800034c                PROVIDE (__init_array_start, .)
 *(SORT(.init_array.*))
 *(.init_array)
                0x0800034c                PROVIDE (__init_array_end, .)
                0x0800034c                . = ALIGN (0x4)
                0x0800034c                PROVIDE (__fini_array_start, .)
 *(SORT(.fini_array.*))
 *(.fini_array)
                0x0800034c                PROVIDE (__fini_array_end, .)

.flashtext
 *(.flashtext .flashtext.*)

.text           0x08000350     0x59a0
 *(.text .text.*)
 .text.HAL_InitTick
                0x08000350       0x28 ./system/src/stm32f1xx/stm32f1xx_hal.o
                0x08000350                HAL_InitTick
 .text.HAL_Init
                0x08000378       0x24 ./system/src/stm32f1xx/stm32f1xx_hal.o
                0x08000378                HAL_Init
 .text.HAL_IncTick
                0x0800039c       0x10 ./system/src/stm32f1xx/stm32f1xx_hal.o
                0x0800039c                HAL_IncTick
 .text.HAL_GetTick
                0x080003ac        0xc ./system/src/stm32f1xx/stm32f1xx_hal.o
                0x080003ac                HAL_GetTick
 .text.HAL_Delay
                0x080003b8       0x1c ./system/src/stm32f1xx/stm32f1xx_hal.o
                0x080003b8                HAL_Delay
 .text.HAL_CAN_ConfigFilter
                0x080003d4      0x100 ./system/src/stm32f1xx/stm32f1xx_hal_can.o
                0x080003d4                HAL_CAN_ConfigFilter
 .text.HAL_CAN_Init
                0x080004d4      0x12c ./system/src/stm32f1xx/stm32f1xx_hal_can.o
                0x080004d4                HAL_CAN_Init
 .text.HAL_CAN_Transmit
                0x08000600      0x1c4 ./system/src/stm32f1xx/stm32f1xx_hal_can.o
                0x08000600                HAL_CAN_Transmit
 .text.HAL_CAN_Receive
                0x080007c4      0x18c ./system/src/stm32f1xx/stm32f1xx_hal_can.o
                0x080007c4                HAL_CAN_Receive
 .text.HAL_NVIC_SetPriorityGrouping
                0x08000950       0x24 ./system/src/stm32f1xx/stm32f1xx_hal_cortex.o
                0x08000950                HAL_NVIC_SetPriorityGrouping
 .text.HAL_NVIC_SetPriority
                0x08000974       0x64 ./system/src/stm32f1xx/stm32f1xx_hal_cortex.o
                0x08000974                HAL_NVIC_SetPriority
 .text.HAL_SYSTICK_Config
                0x080009d8       0x2c ./system/src/stm32f1xx/stm32f1xx_hal_cortex.o
                0x080009d8                HAL_SYSTICK_Config
 .text.HAL_SYSTICK_CLKSourceConfig
                0x08000a04       0x20 ./system/src/stm32f1xx/stm32f1xx_hal_cortex.o
                0x08000a04                HAL_SYSTICK_CLKSourceConfig
 .text.HAL_GPIO_Init
                0x08000a24      0x1d8 ./system/src/stm32f1xx/stm32f1xx_hal_gpio.o
                0x08000a24                HAL_GPIO_Init
 .text.HAL_GPIO_WritePin
                0x08000bfc        0xc ./system/src/stm32f1xx/stm32f1xx_hal_gpio.o
                0x08000bfc                HAL_GPIO_WritePin
 .text.HAL_GPIO_TogglePin
                0x08000c08        0x8 ./system/src/stm32f1xx/stm32f1xx_hal_gpio.o
                0x08000c08                HAL_GPIO_TogglePin
 .text.HAL_RCC_OscConfig
                0x08000c10      0x5ec ./system/src/stm32f1xx/stm32f1xx_hal_rcc.o
                0x08000c10                HAL_RCC_OscConfig
 .text.HAL_RCC_GetSysClockFreq
                0x080011fc       0x94 ./system/src/stm32f1xx/stm32f1xx_hal_rcc.o
                0x080011fc                HAL_RCC_GetSysClockFreq
 .text.HAL_RCC_ClockConfig
                0x08001290      0x1e4 ./system/src/stm32f1xx/stm32f1xx_hal_rcc.o
                0x08001290                HAL_RCC_ClockConfig
 .text.HAL_RCC_GetHCLKFreq
                0x08001474        0xc ./system/src/stm32f1xx/stm32f1xx_hal_rcc.o
                0x08001474                HAL_RCC_GetHCLKFreq
 .text.HAL_RCC_GetPCLK1Freq
                0x08001480       0x30 ./system/src/stm32f1xx/stm32f1xx_hal_rcc.o
                0x08001480                HAL_RCC_GetPCLK1Freq
 .text.HAL_RCC_GetPCLK2Freq
                0x080014b0       0x30 ./system/src/stm32f1xx/stm32f1xx_hal_rcc.o
                0x080014b0                HAL_RCC_GetPCLK2Freq
 .text.HAL_SPI_Init
                0x080014e0       0x88 ./system/src/stm32f1xx/stm32f1xx_hal_spi_ex.o
                0x080014e0                HAL_SPI_Init
 .text.UART_SetConfig
                0x08001568      0x1bc ./system/src/stm32f1xx/stm32f1xx_hal_uart.o
 .text.UART_WaitOnFlagUntilTimeout
                0x08001724       0xd4 ./system/src/stm32f1xx/stm32f1xx_hal_uart.o
 .text.HAL_UART_Init
                0x080017f8       0x60 ./system/src/stm32f1xx/stm32f1xx_hal_uart.o
                0x080017f8                HAL_UART_Init
 .text.HAL_UART_Transmit
                0x08001858       0xec ./system/src/stm32f1xx/stm32f1xx_hal_uart.o
                0x08001858                HAL_UART_Transmit
 .text._exit    0x08001944        0x4 ./system/src/newlib/_exit.o
                0x08001944                _exit
 .text._sbrk    0x08001948       0x44 ./system/src/newlib/_sbrk.o
                0x08001948                _sbrk
 .text.__initialize_args
                0x0800198c       0x10 ./system/src/newlib/_syscalls.o
                0x0800198c                __initialize_args
 .text.trace_printf
                0x0800199c       0x30 ./system/src/diag/Trace.o
                0x0800199c                trace_printf
 .text.trace_write
                0x080019cc        0x8 ./system/src/diag/trace_impl.o
                0x080019cc                trace_write
 .text.__initialize_hardware_early
                0x080019d4       0x18 ./system/src/cortexm/_initialize_hardware.o
                0x080019d4                __initialize_hardware_early
 .text.__initialize_hardware
                0x080019ec        0x8 ./system/src/cortexm/_initialize_hardware.o
                0x080019ec                __initialize_hardware
 .text.dumpExceptionStack
                0x080019f4       0xf0 ./system/src/cortexm/exception_handlers.o
                0x080019f4                dumpExceptionStack
 .text.Default_Handler
                0x08001ae4        0x2 ./system/src/cmsis/startup_stm32f103xb.o
                0x08001ae4                RTC_Alarm_IRQHandler
                0x08001ae4                EXTI2_IRQHandler
                0x08001ae4                TIM1_CC_IRQHandler
                0x08001ae4                PVD_IRQHandler
                0x08001ae4                EXTI3_IRQHandler
                0x08001ae4                EXTI0_IRQHandler
                0x08001ae4                I2C2_EV_IRQHandler
                0x08001ae4                ADC1_2_IRQHandler
                0x08001ae4                SPI1_IRQHandler
                0x08001ae4                TAMPER_IRQHandler
                0x08001ae4                DMA1_Channel4_IRQHandler
                0x08001ae4                USART3_IRQHandler
                0x08001ae4                RTC_IRQHandler
                0x08001ae4                DMA1_Channel7_IRQHandler
                0x08001ae4                CAN1_RX1_IRQHandler
                0x08001ae4                TIM4_IRQHandler
                0x08001ae4                I2C1_EV_IRQHandler
                0x08001ae4                DMA1_Channel6_IRQHandler
                0x08001ae4                TIM3_IRQHandler
                0x08001ae4                RCC_IRQHandler
                0x08001ae4                TIM1_TRG_COM_IRQHandler
                0x08001ae4                DMA1_Channel1_IRQHandler
                0x08001ae4                Default_Handler
                0x08001ae4                EXTI15_10_IRQHandler
                0x08001ae4                EXTI9_5_IRQHandler
                0x08001ae4                SPI2_IRQHandler
                0x08001ae4                DMA1_Channel5_IRQHandler
                0x08001ae4                EXTI4_IRQHandler
                0x08001ae4                USB_LP_CAN1_RX0_IRQHandler
                0x08001ae4                USB_HP_CAN1_TX_IRQHandler
                0x08001ae4                DMA1_Channel3_IRQHandler
                0x08001ae4                TIM1_UP_IRQHandler
                0x08001ae4                WWDG_IRQHandler
                0x08001ae4                TIM2_IRQHandler
                0x08001ae4                TIM1_BRK_IRQHandler
                0x08001ae4                EXTI1_IRQHandler
                0x08001ae4                USART2_IRQHandler
                0x08001ae4                I2C2_ER_IRQHandler
                0x08001ae4                DMA1_Channel2_IRQHandler
                0x08001ae4                CAN1_SCE_IRQHandler
                0x08001ae4                FLASH_IRQHandler
                0x08001ae4                USART1_IRQHandler
                0x08001ae4                I2C1_ER_IRQHandler
                0x08001ae4                USBWakeUp_IRQHandler
 *fill*         0x08001ae6        0x2 
 .text.SystemInit
                0x08001ae8       0x4c ./system/src/cmsis/system_stm32f1xx.o
                0x08001ae8                SystemInit
 .text.SystemCoreClockUpdate
                0x08001b34       0x94 ./system/src/cmsis/system_stm32f1xx.o
                0x08001b34                SystemCoreClockUpdate
 .text.MX_GPIO_Init
                0x08001bc8       0xc8 ./src/main.o
 .text.receive_task
                0x08001c90      0x200 ./src/main.o
                0x08001c90                receive_task
 .text._Error_Handler
                0x08001e90        0x4 ./src/main.o
                0x08001e90                _Error_Handler
 .text.MX_CAN_Init
                0x08001e94       0xa8 ./src/main.o
 .text.MX_USART1_UART_Init
                0x08001f3c       0x40 ./src/main.o
 .text.MX_USART2_UART_Init
                0x08001f7c       0x40 ./src/main.o
 .text.MX_SPI2_Init
                0x08001fbc       0x50 ./src/main.o
 .text.MX_SPI1_Init
                0x0800200c       0x54 ./src/main.o
 .text.SystemClock_Config
                0x08002060       0x7c ./src/main.o
                0x08002060                SystemClock_Config
 .text.main     0x080020dc       0x48 ./src/main.o
                0x080020dc                main
 .text.HAL_MspInit
                0x08002124       0x90 ./src/stm32f1xx_hal_msp.o
                0x08002124                HAL_MspInit
 .text.HAL_CAN_MspInit
                0x080021b4       0x70 ./src/stm32f1xx_hal_msp.o
                0x080021b4                HAL_CAN_MspInit
 .text.HAL_SPI_MspInit
                0x08002224       0x5c ./src/stm32f1xx_hal_msp.o
                0x08002224                HAL_SPI_MspInit
 .text.HAL_UART_MspInit
                0x08002280       0xa4 ./src/stm32f1xx_hal_msp.o
                0x08002280                HAL_UART_MspInit
 .text.NMI_Handler
                0x08002324        0x4 ./src/stm32f1xx_it.o
                0x08002324                NMI_Handler
 .text.HardFault_Handler
                0x08002328        0x4 ./src/stm32f1xx_it.o
                0x08002328                HardFault_Handler
 .text.MemManage_Handler
                0x0800232c        0x4 ./src/stm32f1xx_it.o
                0x0800232c                MemManage_Handler
 .text.BusFault_Handler
                0x08002330        0x4 ./src/stm32f1xx_it.o
                0x08002330                BusFault_Handler
 .text.UsageFault_Handler
                0x08002334        0x4 ./src/stm32f1xx_it.o
                0x08002334                UsageFault_Handler
 .text.DebugMon_Handler
                0x08002338        0x4 ./src/stm32f1xx_it.o
                0x08002338                DebugMon_Handler
 .text.SysTick_Handler
                0x0800233c        0xc ./src/stm32f1xx_it.o
                0x0800233c                SysTick_Handler
 .text.prvHeapInit
                0x08002348       0x64 ./Middlewares/Third_Party/FreeRTOS/Source/portable/MemMang/heap_4.o
 .text.prvInsertBlockIntoFreeList
                0x080023ac       0x54 ./Middlewares/Third_Party/FreeRTOS/Source/portable/MemMang/heap_4.o
 .text.pvPortMalloc
                0x08002400       0xe0 ./Middlewares/Third_Party/FreeRTOS/Source/portable/MemMang/heap_4.o
                0x08002400                pvPortMalloc
 .text.vPortFree
                0x080024e0       0x5c ./Middlewares/Third_Party/FreeRTOS/Source/portable/MemMang/heap_4.o
                0x080024e0                vPortFree
 .text.prvPortStartFirstTask
                0x0800253c       0x20 ./Middlewares/Third_Party/FreeRTOS/Source/portable/GCC/ARM_CM3/port.o
 .text.pxPortInitialiseStack
                0x0800255c       0x20 ./Middlewares/Third_Party/FreeRTOS/Source/portable/GCC/ARM_CM3/port.o
                0x0800255c                pxPortInitialiseStack
 .text.SVC_Handler
                0x0800257c       0x24 ./Middlewares/Third_Party/FreeRTOS/Source/portable/GCC/ARM_CM3/port.o
                0x0800257c                SVC_Handler
 .text.vPortYield
                0x080025a0       0x18 ./Middlewares/Third_Party/FreeRTOS/Source/portable/GCC/ARM_CM3/port.o
                0x080025a0                vPortYield
 .text.ulPortSetInterruptMask
                0x080025b8       0x10 ./Middlewares/Third_Party/FreeRTOS/Source/portable/GCC/ARM_CM3/port.o
                0x080025b8                ulPortSetInterruptMask
 .text.prvTaskExitError
                0x080025c8       0x1c ./Middlewares/Third_Party/FreeRTOS/Source/portable/GCC/ARM_CM3/port.o
 .text.vPortEnterCritical
                0x080025e4       0x34 ./Middlewares/Third_Party/FreeRTOS/Source/portable/GCC/ARM_CM3/port.o
                0x080025e4                vPortEnterCritical
 .text.vPortClearInterruptMask
                0x08002618        0x8 ./Middlewares/Third_Party/FreeRTOS/Source/portable/GCC/ARM_CM3/port.o
                0x08002618                vPortClearInterruptMask
 .text.vPortExitCritical
                0x08002620       0x24 ./Middlewares/Third_Party/FreeRTOS/Source/portable/GCC/ARM_CM3/port.o
                0x08002620                vPortExitCritical
 .text.PendSV_Handler
                0x08002644       0x44 ./Middlewares/Third_Party/FreeRTOS/Source/portable/GCC/ARM_CM3/port.o
                0x08002644                PendSV_Handler
 .text.xPortSysTickHandler
                0x08002688       0x20 ./Middlewares/Third_Party/FreeRTOS/Source/portable/GCC/ARM_CM3/port.o
                0x08002688                xPortSysTickHandler
 .text.vPortSetupTimerInterrupt
                0x080026a8       0x2c ./Middlewares/Third_Party/FreeRTOS/Source/portable/GCC/ARM_CM3/port.o
                0x080026a8                vPortSetupTimerInterrupt
 .text.xPortStartScheduler
                0x080026d4       0x98 ./Middlewares/Third_Party/FreeRTOS/Source/portable/GCC/ARM_CM3/port.o
                0x080026d4                xPortStartScheduler
 .text.osSystickHandler
                0x0800276c       0x10 ./Middlewares/Third_Party/FreeRTOS/Source/CMSIS_RTOS/cmsis_os.o
                0x0800276c                osSystickHandler
 .text.vListInitialise
                0x0800277c       0x18 ./Middlewares/Third_Party/FreeRTOS/Source/list.o
                0x0800277c                vListInitialise
 .text.vListInitialiseItem
                0x08002794        0x8 ./Middlewares/Third_Party/FreeRTOS/Source/list.o
                0x08002794                vListInitialiseItem
 .text.vListInsertEnd
                0x0800279c       0x18 ./Middlewares/Third_Party/FreeRTOS/Source/list.o
                0x0800279c                vListInsertEnd
 .text.uxListRemove
                0x080027b4       0x24 ./Middlewares/Third_Party/FreeRTOS/Source/list.o
                0x080027b4                uxListRemove
 .text.prvResetNextTaskUnblockTime
                0x080027d8       0x34 ./Middlewares/Third_Party/FreeRTOS/Source/tasks.o
 .text.prvAllocateTCBAndStack
                0x0800280c       0x2c ./Middlewares/Third_Party/FreeRTOS/Source/tasks.o
 .text.prvDeleteTCB
                0x08002838       0x14 ./Middlewares/Third_Party/FreeRTOS/Source/tasks.o
 .text.prvInitialiseTCBVariables
                0x0800284c       0x50 ./Middlewares/Third_Party/FreeRTOS/Source/tasks.o
 .text.prvInitialiseTaskLists
                0x0800289c       0x64 ./Middlewares/Third_Party/FreeRTOS/Source/tasks.o
 .text.xTaskGenericCreate
                0x08002900      0x108 ./Middlewares/Third_Party/FreeRTOS/Source/tasks.o
                0x08002900                xTaskGenericCreate
 .text.vTaskStartScheduler
                0x08002a08       0x5c ./Middlewares/Third_Party/FreeRTOS/Source/tasks.o
                0x08002a08                vTaskStartScheduler
 .text.vTaskSuspendAll
                0x08002a64       0x10 ./Middlewares/Third_Party/FreeRTOS/Source/tasks.o
                0x08002a64                vTaskSuspendAll
 .text.xTaskIncrementTick
                0x08002a74      0x11c ./Middlewares/Third_Party/FreeRTOS/Source/tasks.o
                0x08002a74                xTaskIncrementTick
 .text.xTaskResumeAll
                0x08002b90       0xdc ./Middlewares/Third_Party/FreeRTOS/Source/tasks.o
                0x08002b90                xTaskResumeAll
 .text.prvCheckTasksWaitingTermination
                0x08002c6c       0x54 ./Middlewares/Third_Party/FreeRTOS/Source/tasks.o
 .text.prvIdleTask
                0x08002cc0       0x18 ./Middlewares/Third_Party/FreeRTOS/Source/tasks.o
 .text.vTaskSwitchContext
                0x08002cd8       0x88 ./Middlewares/Third_Party/FreeRTOS/Source/tasks.o
                0x08002cd8                vTaskSwitchContext
 .text.xTaskGetSchedulerState
                0x08002d60       0x20 ./Middlewares/Third_Party/FreeRTOS/Source/tasks.o
                0x08002d60                xTaskGetSchedulerState
 .text          0x08002d80      0x370 c:/users/hiroshi/desktop/stm32toolchain/gnu-arm/5.4 2016q3/bin/../lib/gcc/arm-none-eabi/5.4.1/armv7-m\libgcc.a(_arm_addsubdf3.o)
                0x08002d80                __aeabi_drsub
                0x08002d88                __aeabi_dsub
                0x08002d88                __subdf3
                0x08002d8c                __aeabi_dadd
                0x08002d8c                __adddf3
                0x08003004                __floatunsidf
                0x08003004                __aeabi_ui2d
                0x08003024                __floatsidf
                0x08003024                __aeabi_i2d
                0x08003048                __aeabi_f2d
                0x08003048                __extendsfdf2
                0x08003084                __floatundidf
                0x08003084                __aeabi_ul2d
                0x08003094                __floatdidf
                0x08003094                __aeabi_l2d
 .text          0x080030f0      0x424 c:/users/hiroshi/desktop/stm32toolchain/gnu-arm/5.4 2016q3/bin/../lib/gcc/arm-none-eabi/5.4.1/armv7-m\libgcc.a(_arm_muldivdf3.o)
                0x080030f0                __aeabi_dmul
                0x080030f0                __muldf3
                0x08003344                __divdf3
                0x08003344                __aeabi_ddiv
 .text          0x08003514      0x110 c:/users/hiroshi/desktop/stm32toolchain/gnu-arm/5.4 2016q3/bin/../lib/gcc/arm-none-eabi/5.4.1/armv7-m\libgcc.a(_arm_cmpdf2.o)
                0x08003514                __gtdf2
                0x08003514                __gedf2
                0x0800351c                __ltdf2
                0x0800351c                __ledf2
                0x08003524                __nedf2
                0x08003524                __eqdf2
                0x08003524                __cmpdf2
                0x080035a0                __aeabi_cdrcmple
                0x080035b0                __aeabi_cdcmpeq
                0x080035b0                __aeabi_cdcmple
                0x080035c0                __aeabi_dcmpeq
                0x080035d4                __aeabi_dcmplt
                0x080035e8                __aeabi_dcmple
                0x080035fc                __aeabi_dcmpge
                0x08003610                __aeabi_dcmpgt
 .text          0x08003624       0x2c c:/users/hiroshi/desktop/stm32toolchain/gnu-arm/5.4 2016q3/bin/../lib/gcc/arm-none-eabi/5.4.1/armv7-m\libgcc.a(_arm_unorddf2.o)
                0x08003624                __unorddf2
                0x08003624                __aeabi_dcmpun
 .text.__errno  0x08003650        0xc c:/users/hiroshi/desktop/stm32toolchain/gnu-arm/5.4 2016q3/bin/../lib/gcc/arm-none-eabi/5.4.1/../../../../arm-none-eabi/lib/armv7-m\libg_nano.a(lib_a-errno.o)
                0x08003650                __errno
 .text.memcpy   0x0800365c       0x16 c:/users/hiroshi/desktop/stm32toolchain/gnu-arm/5.4 2016q3/bin/../lib/gcc/arm-none-eabi/5.4.1/../../../../arm-none-eabi/lib/armv7-m\libg_nano.a(lib_a-memcpy-stub.o)
                0x0800365c                memcpy
 .text.memset   0x08003672       0x10 c:/users/hiroshi/desktop/stm32toolchain/gnu-arm/5.4 2016q3/bin/../lib/gcc/arm-none-eabi/5.4.1/../../../../arm-none-eabi/lib/armv7-m\libg_nano.a(lib_a-memset.o)
                0x08003672                memset
 .text.__cvt    0x08003682       0xc0 c:/users/hiroshi/desktop/stm32toolchain/gnu-arm/5.4 2016q3/bin/../lib/gcc/arm-none-eabi/5.4.1/../../../../arm-none-eabi/lib/armv7-m\libg_nano.a(lib_a-nano-vfprintf_float.o)
                0x08003682                __cvt
 .text.__exponent
                0x08003742       0x62 c:/users/hiroshi/desktop/stm32toolchain/gnu-arm/5.4 2016q3/bin/../lib/gcc/arm-none-eabi/5.4.1/../../../../arm-none-eabi/lib/armv7-m\libg_nano.a(lib_a-nano-vfprintf_float.o)
                0x08003742                __exponent
 .text._printf_float
                0x080037a4      0x488 c:/users/hiroshi/desktop/stm32toolchain/gnu-arm/5.4 2016q3/bin/../lib/gcc/arm-none-eabi/5.4.1/../../../../arm-none-eabi/lib/armv7-m\libg_nano.a(lib_a-nano-vfprintf_float.o)
                0x080037a4                _printf_float
 .text._printf_common
                0x08003c2c       0xec c:/users/hiroshi/desktop/stm32toolchain/gnu-arm/5.4 2016q3/bin/../lib/gcc/arm-none-eabi/5.4.1/../../../../arm-none-eabi/lib/armv7-m\libg_nano.a(lib_a-nano-vfprintf_i.o)
                0x08003c2c                _printf_common
 .text._printf_i
                0x08003d18      0x24c c:/users/hiroshi/desktop/stm32toolchain/gnu-arm/5.4 2016q3/bin/../lib/gcc/arm-none-eabi/5.4.1/../../../../arm-none-eabi/lib/armv7-m\libg_nano.a(lib_a-nano-vfprintf_i.o)
                0x08003d18                _printf_i
 .text.sprintf  0x08003f64       0x48 c:/users/hiroshi/desktop/stm32toolchain/gnu-arm/5.4 2016q3/bin/../lib/gcc/arm-none-eabi/5.4.1/../../../../arm-none-eabi/lib/armv7-m\libg_nano.a(lib_a-sprintf.o)
                0x08003f64                siprintf
                0x08003f64                sprintf
 .text          0x08003fac       0x10 c:/users/hiroshi/desktop/stm32toolchain/gnu-arm/5.4 2016q3/bin/../lib/gcc/arm-none-eabi/5.4.1/../../../../arm-none-eabi/lib/armv7-m\libg_nano.a(lib_a-strlen.o)
                0x08003fac                strlen
 .text._vsnprintf_r
                0x08003fbc       0x56 c:/users/hiroshi/desktop/stm32toolchain/gnu-arm/5.4 2016q3/bin/../lib/gcc/arm-none-eabi/5.4.1/../../../../arm-none-eabi/lib/armv7-m\libg_nano.a(lib_a-vsnprintf.o)
                0x08003fbc                _vsniprintf_r
                0x08003fbc                _vsnprintf_r
 *fill*         0x08004012        0x2 
 .text.vsnprintf
                0x08004014       0x1c c:/users/hiroshi/desktop/stm32toolchain/gnu-arm/5.4 2016q3/bin/../lib/gcc/arm-none-eabi/5.4.1/../../../../arm-none-eabi/lib/armv7-m\libg_nano.a(lib_a-vsnprintf.o)
                0x08004014                vsniprintf
                0x08004014                vsnprintf
 .text.quorem   0x08004030      0x116 c:/users/hiroshi/desktop/stm32toolchain/gnu-arm/5.4 2016q3/bin/../lib/gcc/arm-none-eabi/5.4.1/../../../../arm-none-eabi/lib/armv7-m\libg_nano.a(lib_a-dtoa.o)
 *fill*         0x08004146        0x2 
 .text._dtoa_r  0x08004148      0xb30 c:/users/hiroshi/desktop/stm32toolchain/gnu-arm/5.4 2016q3/bin/../lib/gcc/arm-none-eabi/5.4.1/../../../../arm-none-eabi/lib/armv7-m\libg_nano.a(lib_a-dtoa.o)
                0x08004148                _dtoa_r
 .text._localeconv_r
                0x08004c78       0x1c c:/users/hiroshi/desktop/stm32toolchain/gnu-arm/5.4 2016q3/bin/../lib/gcc/arm-none-eabi/5.4.1/../../../../arm-none-eabi/lib/armv7-m\libg_nano.a(lib_a-localeconv.o)
                0x08004c78                _localeconv_r
 .text.malloc   0x08004c94       0x10 c:/users/hiroshi/desktop/stm32toolchain/gnu-arm/5.4 2016q3/bin/../lib/gcc/arm-none-eabi/5.4.1/../../../../arm-none-eabi/lib/armv7-m\libg_nano.a(lib_a-malloc.o)
                0x08004c94                malloc
 .text.memchr   0x08004ca4       0x1c c:/users/hiroshi/desktop/stm32toolchain/gnu-arm/5.4 2016q3/bin/../lib/gcc/arm-none-eabi/5.4.1/../../../../arm-none-eabi/lib/armv7-m\libg_nano.a(lib_a-memchr-stub.o)
                0x08004ca4                memchr
 .text._Balloc  0x08004cc0       0x6a c:/users/hiroshi/desktop/stm32toolchain/gnu-arm/5.4 2016q3/bin/../lib/gcc/arm-none-eabi/5.4.1/../../../../arm-none-eabi/lib/armv7-m\libg_nano.a(lib_a-mprec.o)
                0x08004cc0                _Balloc
 .text._Bfree   0x08004d2a       0x2e c:/users/hiroshi/desktop/stm32toolchain/gnu-arm/5.4 2016q3/bin/../lib/gcc/arm-none-eabi/5.4.1/../../../../arm-none-eabi/lib/armv7-m\libg_nano.a(lib_a-mprec.o)
                0x08004d2a                _Bfree
 .text.__multadd
                0x08004d58       0x76 c:/users/hiroshi/desktop/stm32toolchain/gnu-arm/5.4 2016q3/bin/../lib/gcc/arm-none-eabi/5.4.1/../../../../arm-none-eabi/lib/armv7-m\libg_nano.a(lib_a-mprec.o)
                0x08004d58                __multadd
 .text.__hi0bits
                0x08004dce       0x40 c:/users/hiroshi/desktop/stm32toolchain/gnu-arm/5.4 2016q3/bin/../lib/gcc/arm-none-eabi/5.4.1/../../../../arm-none-eabi/lib/armv7-m\libg_nano.a(lib_a-mprec.o)
                0x08004dce                __hi0bits
 .text.__lo0bits
                0x08004e0e       0x5a c:/users/hiroshi/desktop/stm32toolchain/gnu-arm/5.4 2016q3/bin/../lib/gcc/arm-none-eabi/5.4.1/../../../../arm-none-eabi/lib/armv7-m\libg_nano.a(lib_a-mprec.o)
                0x08004e0e                __lo0bits
 .text.__i2b    0x08004e68       0x12 c:/users/hiroshi/desktop/stm32toolchain/gnu-arm/5.4 2016q3/bin/../lib/gcc/arm-none-eabi/5.4.1/../../../../arm-none-eabi/lib/armv7-m\libg_nano.a(lib_a-mprec.o)
                0x08004e68                __i2b
 .text.__multiply
                0x08004e7a      0x120 c:/users/hiroshi/desktop/stm32toolchain/gnu-arm/5.4 2016q3/bin/../lib/gcc/arm-none-eabi/5.4.1/../../../../arm-none-eabi/lib/armv7-m\libg_nano.a(lib_a-mprec.o)
                0x08004e7a                __multiply
 *fill*         0x08004f9a        0x2 
 .text.__pow5mult
                0x08004f9c       0x9c c:/users/hiroshi/desktop/stm32toolchain/gnu-arm/5.4 2016q3/bin/../lib/gcc/arm-none-eabi/5.4.1/../../../../arm-none-eabi/lib/armv7-m\libg_nano.a(lib_a-mprec.o)
                0x08004f9c                __pow5mult
 .text.__lshift
                0x08005038       0xa2 c:/users/hiroshi/desktop/stm32toolchain/gnu-arm/5.4 2016q3/bin/../lib/gcc/arm-none-eabi/5.4.1/../../../../arm-none-eabi/lib/armv7-m\libg_nano.a(lib_a-mprec.o)
                0x08005038                __lshift
 .text.__mcmp   0x080050da       0x38 c:/users/hiroshi/desktop/stm32toolchain/gnu-arm/5.4 2016q3/bin/../lib/gcc/arm-none-eabi/5.4.1/../../../../arm-none-eabi/lib/armv7-m\libg_nano.a(lib_a-mprec.o)
                0x080050da                __mcmp
 .text.__mdiff  0x08005112       0xbe c:/users/hiroshi/desktop/stm32toolchain/gnu-arm/5.4 2016q3/bin/../lib/gcc/arm-none-eabi/5.4.1/../../../../arm-none-eabi/lib/armv7-m\libg_nano.a(lib_a-mprec.o)
                0x08005112                __mdiff
 .text.__d2b    0x080051d0       0x9c c:/users/hiroshi/desktop/stm32toolchain/gnu-arm/5.4 2016q3/bin/../lib/gcc/arm-none-eabi/5.4.1/../../../../arm-none-eabi/lib/armv7-m\libg_nano.a(lib_a-mprec.o)
                0x080051d0                __d2b
 .text._calloc_r
                0x0800526c       0x1c c:/users/hiroshi/desktop/stm32toolchain/gnu-arm/5.4 2016q3/bin/../lib/gcc/arm-none-eabi/5.4.1/../../../../arm-none-eabi/lib/armv7-m\libg_nano.a(lib_a-nano-callocr.o)
                0x0800526c                _calloc_r
 .text._free_r  0x08005288       0x98 c:/users/hiroshi/desktop/stm32toolchain/gnu-arm/5.4 2016q3/bin/../lib/gcc/arm-none-eabi/5.4.1/../../../../arm-none-eabi/lib/armv7-m\libg_nano.a(lib_a-nano-freer.o)
                0x08005288                _free_r
 .text._malloc_r
                0x08005320       0xbc c:/users/hiroshi/desktop/stm32toolchain/gnu-arm/5.4 2016q3/bin/../lib/gcc/arm-none-eabi/5.4.1/../../../../arm-none-eabi/lib/armv7-m\libg_nano.a(lib_a-nano-mallocr.o)
                0x08005320                _malloc_r
 .text.__ssputs_r
                0x080053dc       0xb2 c:/users/hiroshi/desktop/stm32toolchain/gnu-arm/5.4 2016q3/bin/../lib/gcc/arm-none-eabi/5.4.1/../../../../arm-none-eabi/lib/armv7-m\libg_nano.a(lib_a-nano-svfprintf.o)
                0x080053dc                __ssputs_r
 *fill*         0x0800548e        0x2 
 .text._svfprintf_r
                0x08005490      0x1e8 c:/users/hiroshi/desktop/stm32toolchain/gnu-arm/5.4 2016q3/bin/../lib/gcc/arm-none-eabi/5.4.1/../../../../arm-none-eabi/lib/armv7-m\libg_nano.a(lib_a-nano-svfprintf.o)
                0x08005490                _svfiprintf_r
                0x08005490                _svfprintf_r
 .text._sbrk_r  0x08005678       0x20 c:/users/hiroshi/desktop/stm32toolchain/gnu-arm/5.4 2016q3/bin/../lib/gcc/arm-none-eabi/5.4.1/../../../../arm-none-eabi/lib/armv7-m\libg_nano.a(lib_a-sbrkr.o)
                0x08005678                _sbrk_r
 .text.__ascii_mbtowc
                0x08005698       0x24 c:/users/hiroshi/desktop/stm32toolchain/gnu-arm/5.4 2016q3/bin/../lib/gcc/arm-none-eabi/5.4.1/../../../../arm-none-eabi/lib/armv7-m\libg_nano.a(lib_a-mbtowc_r.o)
                0x08005698                __ascii_mbtowc
 .text.memmove  0x080056bc       0x36 c:/users/hiroshi/desktop/stm32toolchain/gnu-arm/5.4 2016q3/bin/../lib/gcc/arm-none-eabi/5.4.1/../../../../arm-none-eabi/lib/armv7-m\libg_nano.a(lib_a-memmove.o)
                0x080056bc                memmove
 .text.__malloc_lock
                0x080056f2        0x2 c:/users/hiroshi/desktop/stm32toolchain/gnu-arm/5.4 2016q3/bin/../lib/gcc/arm-none-eabi/5.4.1/../../../../arm-none-eabi/lib/armv7-m\libg_nano.a(lib_a-mlock.o)
                0x080056f2                __malloc_lock
 .text.__malloc_unlock
                0x080056f4        0x2 c:/users/hiroshi/desktop/stm32toolchain/gnu-arm/5.4 2016q3/bin/../lib/gcc/arm-none-eabi/5.4.1/../../../../arm-none-eabi/lib/armv7-m\libg_nano.a(lib_a-mlock.o)
                0x080056f4                __malloc_unlock
 .text._realloc_r
                0x080056f6       0x4c c:/users/hiroshi/desktop/stm32toolchain/gnu-arm/5.4 2016q3/bin/../lib/gcc/arm-none-eabi/5.4.1/../../../../arm-none-eabi/lib/armv7-m\libg_nano.a(lib_a-nano-reallocr.o)
                0x080056f6                _realloc_r
 .text.__ascii_wctomb
                0x08005742       0x1a c:/users/hiroshi/desktop/stm32toolchain/gnu-arm/5.4 2016q3/bin/../lib/gcc/arm-none-eabi/5.4.1/../../../../arm-none-eabi/lib/armv7-m\libg_nano.a(lib_a-wctomb_r.o)
                0x08005742                __ascii_wctomb
 .text._malloc_usable_size_r
                0x0800575c       0x14 c:/users/hiroshi/desktop/stm32toolchain/gnu-arm/5.4 2016q3/bin/../lib/gcc/arm-none-eabi/5.4.1/../../../../arm-none-eabi/lib/armv7-m\libg_nano.a(lib_a-nano-msizer.o)
                0x0800575c                _malloc_usable_size_r
 .text          0x08005770       0x50 c:/users/hiroshi/desktop/stm32toolchain/gnu-arm/5.4 2016q3/bin/../lib/gcc/arm-none-eabi/5.4.1/armv7-m\libgcc.a(_arm_fixdfsi.o)
                0x08005770                __aeabi_d2iz
                0x08005770                __fixdfsi
 *(.rodata .rodata.* .constdata .constdata.*)
 .rodata        0x080057c0       0x12 ./system/src/stm32f1xx/stm32f1xx_hal_rcc.o
 *fill*         0x080057d2        0x2 
 .rodata.str1.4
                0x080057d4      0x146 ./system/src/cortexm/exception_handlers.o
 *fill*         0x0800591a        0x2 
 .rodata.AHBPrescTable
                0x0800591c       0x10 ./system/src/cmsis/system_stm32f1xx.o
                0x0800591c                AHBPrescTable
 .rodata.APBPrescTable
                0x0800592c        0x8 ./system/src/cmsis/system_stm32f1xx.o
                0x0800592c                APBPrescTable
 .rodata.str1.4
                0x08005934      0x151 ./src/main.o
                                0x155 (size before relaxing)
 *fill*         0x08005a85        0x3 
 .rodata.str1.4
                0x08005a88        0x8 ./Middlewares/Third_Party/FreeRTOS/Source/tasks.o
                                  0x5 (size before relaxing)
 .rodata.str1.1
                0x08005a90       0x12 c:/users/hiroshi/desktop/stm32toolchain/gnu-arm/5.4 2016q3/bin/../lib/gcc/arm-none-eabi/5.4.1/../../../../arm-none-eabi/lib/armv7-m\libg_nano.a(lib_a-nano-vfprintf_float.o)
 .rodata.str1.1
                0x08005aa2       0x22 c:/users/hiroshi/desktop/stm32toolchain/gnu-arm/5.4 2016q3/bin/../lib/gcc/arm-none-eabi/5.4.1/../../../../arm-none-eabi/lib/armv7-m\libg_nano.a(lib_a-nano-vfprintf_i.o)
 .rodata.str1.1
                0x08005ac4        0xd c:/users/hiroshi/desktop/stm32toolchain/gnu-arm/5.4 2016q3/bin/../lib/gcc/arm-none-eabi/5.4.1/../../../../arm-none-eabi/lib/armv7-m\libg_nano.a(lib_a-dtoa.o)
                                  0xf (size before relaxing)
 *fill*         0x08005ad1        0x7 
 .rodata.__mprec_tens
                0x08005ad8       0xc8 c:/users/hiroshi/desktop/stm32toolchain/gnu-arm/5.4 2016q3/bin/../lib/gcc/arm-none-eabi/5.4.1/../../../../arm-none-eabi/lib/armv7-m\libg_nano.a(lib_a-mprec.o)
                0x08005ad8                __mprec_tens
 .rodata.__mprec_bigtens
                0x08005ba0       0x28 c:/users/hiroshi/desktop/stm32toolchain/gnu-arm/5.4 2016q3/bin/../lib/gcc/arm-none-eabi/5.4.1/../../../../arm-none-eabi/lib/armv7-m\libg_nano.a(lib_a-mprec.o)
                0x08005ba0                __mprec_bigtens
 .rodata.p05.6097
                0x08005bc8        0xc c:/users/hiroshi/desktop/stm32toolchain/gnu-arm/5.4 2016q3/bin/../lib/gcc/arm-none-eabi/5.4.1/../../../../arm-none-eabi/lib/armv7-m\libg_nano.a(lib_a-mprec.o)
 .rodata.str1.1
                0x08005bd4       0x11 c:/users/hiroshi/desktop/stm32toolchain/gnu-arm/5.4 2016q3/bin/../lib/gcc/arm-none-eabi/5.4.1/../../../../arm-none-eabi/lib/armv7-m\libg_nano.a(lib_a-nano-svfprintf.o)
 .rodata.str1.1
                0x08005be5        0xa c:/users/hiroshi/desktop/stm32toolchain/gnu-arm/5.4 2016q3/bin/../lib/gcc/arm-none-eabi/5.4.1/../../../../arm-none-eabi/lib/armv7-m\libg_nano.a(lib_a-locale.o)
                                  0xb (size before relaxing)
 .rodata._ctype_
                0x08005bef      0x101 c:/users/hiroshi/desktop/stm32toolchain/gnu-arm/5.4 2016q3/bin/../lib/gcc/arm-none-eabi/5.4.1/../../../../arm-none-eabi/lib/armv7-m\libg_nano.a(lib_a-ctype_.o)
                0x08005bef                _ctype_
 *(vtable)
 *(.eh_frame*)
 *(.glue_7)
 .glue_7        0x08005cf0        0x0 linker stubs
 *(.glue_7t)
 .glue_7t       0x08005cf0        0x0 linker stubs

.vfp11_veneer   0x08005cf0        0x0
 .vfp11_veneer  0x08005cf0        0x0 linker stubs

.v4_bx          0x08005cf0        0x0
 .v4_bx         0x08005cf0        0x0 linker stubs

.iplt           0x08005cf0        0x0
 .iplt          0x08005cf0        0x0 ./system/src/stm32f1xx/stm32f1xx_hal.o

.rel.dyn        0x08005cf0        0x0
 .rel.iplt      0x08005cf0        0x0 ./system/src/stm32f1xx/stm32f1xx_hal.o

.ARM.extab
 *(.ARM.extab* .gnu.linkonce.armextab.*)
                0x08005cf0                . = ALIGN (0x4)
                0x08005cf0                __exidx_start = .

.ARM.exidx
 *(.ARM.exidx* .gnu.linkonce.armexidx.*)
                0x08005cf0                __exidx_end = .
                0x08005cf0                . = ALIGN (0x4)
                0x08005cf0                _etext = .
                0x08005cf0                __etext = .

.data_CCMRAM    0x10000000        0x0 load address 0x08005cf0
 FILL mask 0xff
 *(.data.CCMRAM .data.CCMRAM.*)
                0x10000000                . = ALIGN (0x4)
                0x08005cf0                _sidata = LOADADDR (.data)

.data           0x20000000      0x1e8 load address 0x08005cf0
 FILL mask 0xff
                0x20000000                _sdata = .
                0x20000000                __data_start__ = .
 *(.data_begin .data_begin.*)
 .data_begin    0x20000000        0x4 ./system/src/newlib/_startup.o
 *(.data .data.*)
 .data.argv.4290
                0x20000004        0x8 ./system/src/newlib/_syscalls.o
 .data.SystemCoreClock
                0x2000000c        0x4 ./system/src/cmsis/system_stm32f1xx.o
                0x2000000c                SystemCoreClock
 .data.uxCriticalNesting
                0x20000010        0x4 ./Middlewares/Third_Party/FreeRTOS/Source/portable/GCC/ARM_CM3/port.o
 .data.impure_data
                0x20000014       0x60 c:/users/hiroshi/desktop/stm32toolchain/gnu-arm/5.4 2016q3/bin/../lib/gcc/arm-none-eabi/5.4.1/../../../../arm-none-eabi/lib/armv7-m\libg_nano.a(lib_a-impure.o)
 .data._impure_ptr
                0x20000074        0x4 c:/users/hiroshi/desktop/stm32toolchain/gnu-arm/5.4 2016q3/bin/../lib/gcc/arm-none-eabi/5.4.1/../../../../arm-none-eabi/lib/armv7-m\libg_nano.a(lib_a-impure.o)
                0x20000074                _impure_ptr
 .data.__global_locale
                0x20000078      0x16c c:/users/hiroshi/desktop/stm32toolchain/gnu-arm/5.4 2016q3/bin/../lib/gcc/arm-none-eabi/5.4.1/../../../../arm-none-eabi/lib/armv7-m\libg_nano.a(lib_a-locale.o)
                0x20000078                __global_locale
 *(.data_end .data_end.*)
 .data_end      0x200001e4        0x4 ./system/src/newlib/_startup.o
                0x200001e8                . = ALIGN (0x4)
                0x200001e8                _edata = .
                0x200001e8                __data_end__ = .

.igot.plt       0x200001e8        0x0 load address 0x08005ed8
 .igot.plt      0x200001e8        0x0 ./system/src/stm32f1xx/stm32f1xx_hal.o

.bss_CCMRAM     0x10000000        0x0
 *(.bss.CCMRAM .bss.CCMRAM.*)

.bss            0x200001e8     0x10fc
                0x200001e8                __bss_start__ = .
                0x200001e8                _sbss = .
 *(.bss_begin .bss_begin.*)
 .bss_begin     0x200001e8        0x4 ./system/src/newlib/_startup.o
 *(.bss .bss.*)
 .bss.uwTick    0x200001ec        0x4 ./system/src/stm32f1xx/stm32f1xx_hal.o
 .bss.uCRCErrorWorkaroundCheck
                0x200001f0        0x1 ./system/src/stm32f1xx/stm32f1xx_hal_spi_ex.o
                0x200001f0                uCRCErrorWorkaroundCheck
 *fill*         0x200001f1        0x3 
 .bss.current_heap_end.3974
                0x200001f4        0x4 ./system/src/newlib/_sbrk.o
 .bss.name.4289
                0x200001f8        0x1 ./system/src/newlib/_syscalls.o
 *fill*         0x200001f9        0x3 
 .bss.buf.5179  0x200001fc       0x80 ./system/src/diag/Trace.o
 .bss.TxMessage.7680
                0x2000027c       0x1c ./src/main.o
 .bss.RxMessage.7681
                0x20000298       0x24 ./src/main.o
 .bss.xFreeBytesRemaining
                0x200002bc        0x4 ./Middlewares/Third_Party/FreeRTOS/Source/portable/MemMang/heap_4.o
 .bss.pxEnd     0x200002c0        0x4 ./Middlewares/Third_Party/FreeRTOS/Source/portable/MemMang/heap_4.o
 .bss.xStart    0x200002c4        0x8 ./Middlewares/Third_Party/FreeRTOS/Source/portable/MemMang/heap_4.o
 .bss.ucHeap    0x200002cc      0xc00 ./Middlewares/Third_Party/FreeRTOS/Source/portable/MemMang/heap_4.o
 .bss.xBlockAllocatedBit
                0x20000ecc        0x4 ./Middlewares/Third_Party/FreeRTOS/Source/portable/MemMang/heap_4.o
 .bss.xMinimumEverFreeBytesRemaining
                0x20000ed0        0x4 ./Middlewares/Third_Party/FreeRTOS/Source/portable/MemMang/heap_4.o
 .bss.ucMaxSysCallPriority
                0x20000ed4        0x1 ./Middlewares/Third_Party/FreeRTOS/Source/portable/GCC/ARM_CM3/port.o
 *fill*         0x20000ed5        0x3 
 .bss.ulMaxPRIGROUPValue
                0x20000ed8        0x4 ./Middlewares/Third_Party/FreeRTOS/Source/portable/GCC/ARM_CM3/port.o
 .bss.pxDelayedTaskList
                0x20000edc        0x4 ./Middlewares/Third_Party/FreeRTOS/Source/tasks.o
 .bss.xSchedulerRunning
                0x20000ee0        0x4 ./Middlewares/Third_Party/FreeRTOS/Source/tasks.o
 .bss.uxTasksDeleted
                0x20000ee4        0x4 ./Middlewares/Third_Party/FreeRTOS/Source/tasks.o
 .bss.xTasksWaitingTermination
                0x20000ee8       0x14 ./Middlewares/Third_Party/FreeRTOS/Source/tasks.o
 .bss.uxPendedTicks
                0x20000efc        0x4 ./Middlewares/Third_Party/FreeRTOS/Source/tasks.o
 .bss.pxReadyTasksLists
                0x20000f00       0x8c ./Middlewares/Third_Party/FreeRTOS/Source/tasks.o
 .bss.uxSchedulerSuspended
                0x20000f8c        0x4 ./Middlewares/Third_Party/FreeRTOS/Source/tasks.o
 .bss.uxCurrentNumberOfTasks
                0x20000f90        0x4 ./Middlewares/Third_Party/FreeRTOS/Source/tasks.o
 .bss.pxCurrentTCB
                0x20000f94        0x4 ./Middlewares/Third_Party/FreeRTOS/Source/tasks.o
                0x20000f94                pxCurrentTCB
 .bss.xNextTaskUnblockTime
                0x20000f98        0x4 ./Middlewares/Third_Party/FreeRTOS/Source/tasks.o
 .bss.xNumOfOverflows
                0x20000f9c        0x4 ./Middlewares/Third_Party/FreeRTOS/Source/tasks.o
 .bss.xTickCount
                0x20000fa0        0x4 ./Middlewares/Third_Party/FreeRTOS/Source/tasks.o
 .bss.pxOverflowDelayedTaskList
                0x20000fa4        0x4 ./Middlewares/Third_Party/FreeRTOS/Source/tasks.o
 .bss.xPendingReadyList
                0x20000fa8       0x14 ./Middlewares/Third_Party/FreeRTOS/Source/tasks.o
 .bss.uxTaskNumber
                0x20000fbc        0x4 ./Middlewares/Third_Party/FreeRTOS/Source/tasks.o
 .bss.xDelayedTaskList1
                0x20000fc0       0x14 ./Middlewares/Third_Party/FreeRTOS/Source/tasks.o
 .bss.xDelayedTaskList2
                0x20000fd4       0x14 ./Middlewares/Third_Party/FreeRTOS/Source/tasks.o
 .bss.xSuspendedTaskList
                0x20000fe8       0x14 ./Middlewares/Third_Party/FreeRTOS/Source/tasks.o
 .bss.uxTopReadyPriority
                0x20000ffc        0x4 ./Middlewares/Third_Party/FreeRTOS/Source/tasks.o
 .bss.xYieldPending
                0x20001000        0x4 ./Middlewares/Third_Party/FreeRTOS/Source/tasks.o
 .bss.__malloc_sbrk_start
                0x20001004        0x4 c:/users/hiroshi/desktop/stm32toolchain/gnu-arm/5.4 2016q3/bin/../lib/gcc/arm-none-eabi/5.4.1/../../../../arm-none-eabi/lib/armv7-m\libg_nano.a(lib_a-nano-mallocr.o)
                0x20001004                __malloc_sbrk_start
 .bss.__malloc_free_list
                0x20001008        0x4 c:/users/hiroshi/desktop/stm32toolchain/gnu-arm/5.4 2016q3/bin/../lib/gcc/arm-none-eabi/5.4.1/../../../../arm-none-eabi/lib/armv7-m\libg_nano.a(lib_a-nano-mallocr.o)
                0x20001008                __malloc_free_list
 *(COMMON)
 COMMON         0x2000100c        0x4 ./system/src/newlib/_syscalls.o
                0x2000100c                errno
 COMMON         0x20001010      0x2ce ./src/main.o
                0x20001010                tmp
                0x20001018                Rrtd
                0x20001054                hspi2
                0x200010ac                rtd_data
                0x200010b4                hcan
                0x200010f4                debug
                0x20001114                huart1
                0x20001158                resistanceRTD
                0x20001160                hspi1
                0x200011b8                SlaveOutput
                0x20001208                Stop
                0x20001244                huart2
                0x20001284                Trtd
                0x200012c0                MSG
 *(.bss_end .bss_end.*)
 *fill*         0x200012de        0x2 
 .bss_end       0x200012e0        0x4 ./system/src/newlib/_startup.o
                0x200012e4                . = ALIGN (0x4)
                0x200012e4                __bss_end__ = .
                0x200012e4                _ebss = .

.noinit_CCMRAM
 *(.noinit.CCMRAM .noinit.CCMRAM.*)

.noinit         0x200012e4        0x0
                0x200012e4                _noinit = .
 *(.noinit .noinit.*)
                0x200012e4                . = ALIGN (0x4)
                0x200012e4                _end_noinit = .
                [!provide]                PROVIDE (end, _end_noinit)
                [!provide]                PROVIDE (_end, _end_noinit)
                [!provide]                PROVIDE (__end, _end_noinit)
                [!provide]                PROVIDE (__end__, _end_noinit)

._check_stack   0x200012e4      0x100
                0x200013e4                . = (. + _Minimum_Stack_Size)
 *fill*         0x200012e4      0x100 

.b1text
 *(.b1text)
 *(.b1rodata)
 *(.b1rodata.*)

.eb0text
 *(.eb0text)
 *(.eb0rodata)
 *(.eb0rodata.*)

.eb1text
 *(.eb1text)
 *(.eb1rodata)
 *(.eb1rodata.*)

.eb2text
 *(.eb2text)
 *(.eb2rodata)
 *(.eb2rodata.*)

.eb3text
 *(.eb3text)
 *(.eb3rodata)
 *(.eb3rodata.*)

.stab
 *(.stab)

.stabstr
 *(.stabstr)

.stab.excl
 *(.stab.excl)

.stab.exclstr
 *(.stab.exclstr)

.stab.index
 *(.stab.index)

.stab.indexstr
 *(.stab.indexstr)

.comment        0x00000000       0x6e
 *(.comment)
 .comment       0x00000000       0x6e ./system/src/stm32f1xx/stm32f1xx_hal.o
                                 0x6f (size before relaxing)
 .comment       0x0000006e       0x6f ./system/src/stm32f1xx/stm32f1xx_hal_can.o
 .comment       0x0000006e       0x6f ./system/src/stm32f1xx/stm32f1xx_hal_cortex.o
 .comment       0x0000006e       0x6f ./system/src/stm32f1xx/stm32f1xx_hal_gpio.o
 .comment       0x0000006e       0x6f ./system/src/stm32f1xx/stm32f1xx_hal_rcc.o
 .comment       0x0000006e       0x6f ./system/src/stm32f1xx/stm32f1xx_hal_spi_ex.o
 .comment       0x0000006e       0x6f ./system/src/stm32f1xx/stm32f1xx_hal_uart.o
 .comment       0x0000006e       0x6f ./system/src/newlib/_exit.o
 .comment       0x0000006e       0x6f ./system/src/newlib/_sbrk.o
 .comment       0x0000006e       0x6f ./system/src/newlib/_startup.o
 .comment       0x0000006e       0x6f ./system/src/newlib/_syscalls.o
 .comment       0x0000006e       0x6f ./system/src/diag/Trace.o
 .comment       0x0000006e       0x6f ./system/src/diag/trace_impl.o
 .comment       0x0000006e       0x6f ./system/src/cortexm/_initialize_hardware.o
 .comment       0x0000006e       0x6f ./system/src/cortexm/exception_handlers.o
 .comment       0x0000006e       0x6f ./system/src/cmsis/system_stm32f1xx.o
 .comment       0x0000006e       0x6f ./src/main.o
 .comment       0x0000006e       0x6f ./src/stm32f1xx_hal_msp.o
 .comment       0x0000006e       0x6f ./src/stm32f1xx_it.o
 .comment       0x0000006e       0x6f ./Middlewares/Third_Party/FreeRTOS/Source/portable/MemMang/heap_4.o
 .comment       0x0000006e       0x6f ./Middlewares/Third_Party/FreeRTOS/Source/portable/GCC/ARM_CM3/port.o
 .comment       0x0000006e       0x6f ./Middlewares/Third_Party/FreeRTOS/Source/CMSIS_RTOS/cmsis_os.o
 .comment       0x0000006e       0x6f ./Middlewares/Third_Party/FreeRTOS/Source/list.o
 .comment       0x0000006e       0x6f ./Middlewares/Third_Party/FreeRTOS/Source/tasks.o

.ARM.attributes
                0x00000000       0x31
 .ARM.attributes
                0x00000000       0x33 ./system/src/stm32f1xx/stm32f1xx_hal.o
 .ARM.attributes
                0x00000033       0x33 ./system/src/stm32f1xx/stm32f1xx_hal_can.o
 .ARM.attributes
                0x00000066       0x33 ./system/src/stm32f1xx/stm32f1xx_hal_cortex.o
 .ARM.attributes
                0x00000099       0x33 ./system/src/stm32f1xx/stm32f1xx_hal_gpio.o
 .ARM.attributes
                0x000000cc       0x33 ./system/src/stm32f1xx/stm32f1xx_hal_rcc.o
 .ARM.attributes
                0x000000ff       0x33 ./system/src/stm32f1xx/stm32f1xx_hal_spi_ex.o
 .ARM.attributes
                0x00000132       0x33 ./system/src/stm32f1xx/stm32f1xx_hal_uart.o
 .ARM.attributes
                0x00000165       0x33 ./system/src/newlib/_exit.o
 .ARM.attributes
                0x00000198       0x33 ./system/src/newlib/_sbrk.o
 .ARM.attributes
                0x000001cb       0x33 ./system/src/newlib/_startup.o
 .ARM.attributes
                0x000001fe       0x33 ./system/src/newlib/_syscalls.o
 .ARM.attributes
                0x00000231       0x33 ./system/src/diag/Trace.o
 .ARM.attributes
                0x00000264       0x33 ./system/src/diag/trace_impl.o
 .ARM.attributes
                0x00000297       0x33 ./system/src/cortexm/_initialize_hardware.o
 .ARM.attributes
                0x000002ca       0x33 ./system/src/cortexm/exception_handlers.o
 .ARM.attributes
                0x000002fd       0x21 ./system/src/cmsis/startup_stm32f103xb.o
 .ARM.attributes
                0x0000031e       0x33 ./system/src/cmsis/system_stm32f1xx.o
 .ARM.attributes
                0x00000351       0x33 ./src/main.o
 .ARM.attributes
                0x00000384       0x33 ./src/stm32f1xx_hal_msp.o
 .ARM.attributes
                0x000003b7       0x33 ./src/stm32f1xx_it.o
 .ARM.attributes
                0x000003ea       0x33 ./Middlewares/Third_Party/FreeRTOS/Source/portable/MemMang/heap_4.o
 .ARM.attributes
                0x0000041d       0x33 ./Middlewares/Third_Party/FreeRTOS/Source/portable/GCC/ARM_CM3/port.o
 .ARM.attributes
                0x00000450       0x33 ./Middlewares/Third_Party/FreeRTOS/Source/CMSIS_RTOS/cmsis_os.o
 .ARM.attributes
                0x00000483       0x33 ./Middlewares/Third_Party/FreeRTOS/Source/list.o
 .ARM.attributes
                0x000004b6       0x33 ./Middlewares/Third_Party/FreeRTOS/Source/tasks.o
 .ARM.attributes
                0x000004e9       0x1d c:/users/hiroshi/desktop/stm32toolchain/gnu-arm/5.4 2016q3/bin/../lib/gcc/arm-none-eabi/5.4.1/armv7-m\libgcc.a(_arm_addsubdf3.o)
 .ARM.attributes
                0x00000506       0x1d c:/users/hiroshi/desktop/stm32toolchain/gnu-arm/5.4 2016q3/bin/../lib/gcc/arm-none-eabi/5.4.1/armv7-m\libgcc.a(_arm_muldivdf3.o)
 .ARM.attributes
                0x00000523       0x1d c:/users/hiroshi/desktop/stm32toolchain/gnu-arm/5.4 2016q3/bin/../lib/gcc/arm-none-eabi/5.4.1/armv7-m\libgcc.a(_arm_cmpdf2.o)
 .ARM.attributes
                0x00000540       0x1d c:/users/hiroshi/desktop/stm32toolchain/gnu-arm/5.4 2016q3/bin/../lib/gcc/arm-none-eabi/5.4.1/armv7-m\libgcc.a(_arm_unorddf2.o)
 .ARM.attributes
                0x0000055d       0x2d c:/users/hiroshi/desktop/stm32toolchain/gnu-arm/5.4 2016q3/bin/../lib/gcc/arm-none-eabi/5.4.1/../../../../arm-none-eabi/lib/armv7-m\libg_nano.a(lib_a-errno.o)
 .ARM.attributes
                0x0000058a       0x2d c:/users/hiroshi/desktop/stm32toolchain/gnu-arm/5.4 2016q3/bin/../lib/gcc/arm-none-eabi/5.4.1/../../../../arm-none-eabi/lib/armv7-m\libg_nano.a(lib_a-impure.o)
 .ARM.attributes
                0x000005b7       0x2d c:/users/hiroshi/desktop/stm32toolchain/gnu-arm/5.4 2016q3/bin/../lib/gcc/arm-none-eabi/5.4.1/../../../../arm-none-eabi/lib/armv7-m\libg_nano.a(lib_a-memcpy-stub.o)
 .ARM.attributes
                0x000005e4       0x2d c:/users/hiroshi/desktop/stm32toolchain/gnu-arm/5.4 2016q3/bin/../lib/gcc/arm-none-eabi/5.4.1/../../../../arm-none-eabi/lib/armv7-m\libg_nano.a(lib_a-memset.o)
 .ARM.attributes
                0x00000611       0x2d c:/users/hiroshi/desktop/stm32toolchain/gnu-arm/5.4 2016q3/bin/../lib/gcc/arm-none-eabi/5.4.1/../../../../arm-none-eabi/lib/armv7-m\libg_nano.a(lib_a-nano-vfprintf_float.o)
 .ARM.attributes
                0x0000063e       0x2d c:/users/hiroshi/desktop/stm32toolchain/gnu-arm/5.4 2016q3/bin/../lib/gcc/arm-none-eabi/5.4.1/../../../../arm-none-eabi/lib/armv7-m\libg_nano.a(lib_a-nano-vfprintf_i.o)
 .ARM.attributes
                0x0000066b       0x2d c:/users/hiroshi/desktop/stm32toolchain/gnu-arm/5.4 2016q3/bin/../lib/gcc/arm-none-eabi/5.4.1/../../../../arm-none-eabi/lib/armv7-m\libg_nano.a(lib_a-sprintf.o)
 .ARM.attributes
                0x00000698       0x17 c:/users/hiroshi/desktop/stm32toolchain/gnu-arm/5.4 2016q3/bin/../lib/gcc/arm-none-eabi/5.4.1/../../../../arm-none-eabi/lib/armv7-m\libg_nano.a(lib_a-strlen.o)
 .ARM.attributes
                0x000006af       0x2d c:/users/hiroshi/desktop/stm32toolchain/gnu-arm/5.4 2016q3/bin/../lib/gcc/arm-none-eabi/5.4.1/../../../../arm-none-eabi/lib/armv7-m\libg_nano.a(lib_a-vsnprintf.o)
 .ARM.attributes
                0x000006dc       0x2d c:/users/hiroshi/desktop/stm32toolchain/gnu-arm/5.4 2016q3/bin/../lib/gcc/arm-none-eabi/5.4.1/../../../../arm-none-eabi/lib/armv7-m\libg_nano.a(lib_a-dtoa.o)
 .ARM.attributes
                0x00000709       0x2d c:/users/hiroshi/desktop/stm32toolchain/gnu-arm/5.4 2016q3/bin/../lib/gcc/arm-none-eabi/5.4.1/../../../../arm-none-eabi/lib/armv7-m\libg_nano.a(lib_a-localeconv.o)
 .ARM.attributes
                0x00000736       0x2d c:/users/hiroshi/desktop/stm32toolchain/gnu-arm/5.4 2016q3/bin/../lib/gcc/arm-none-eabi/5.4.1/../../../../arm-none-eabi/lib/armv7-m\libg_nano.a(lib_a-malloc.o)
 .ARM.attributes
                0x00000763       0x2d c:/users/hiroshi/desktop/stm32toolchain/gnu-arm/5.4 2016q3/bin/../lib/gcc/arm-none-eabi/5.4.1/../../../../arm-none-eabi/lib/armv7-m\libg_nano.a(lib_a-memchr-stub.o)
 .ARM.attributes
                0x00000790       0x2d c:/users/hiroshi/desktop/stm32toolchain/gnu-arm/5.4 2016q3/bin/../lib/gcc/arm-none-eabi/5.4.1/../../../../arm-none-eabi/lib/armv7-m\libg_nano.a(lib_a-mprec.o)
 .ARM.attributes
                0x000007bd       0x2d c:/users/hiroshi/desktop/stm32toolchain/gnu-arm/5.4 2016q3/bin/../lib/gcc/arm-none-eabi/5.4.1/../../../../arm-none-eabi/lib/armv7-m\libg_nano.a(lib_a-nano-callocr.o)
 .ARM.attributes
                0x000007ea       0x2d c:/users/hiroshi/desktop/stm32toolchain/gnu-arm/5.4 2016q3/bin/../lib/gcc/arm-none-eabi/5.4.1/../../../../arm-none-eabi/lib/armv7-m\libg_nano.a(lib_a-nano-freer.o)
 .ARM.attributes
                0x00000817       0x2d c:/users/hiroshi/desktop/stm32toolchain/gnu-arm/5.4 2016q3/bin/../lib/gcc/arm-none-eabi/5.4.1/../../../../arm-none-eabi/lib/armv7-m\libg_nano.a(lib_a-nano-mallocr.o)
 .ARM.attributes
                0x00000844       0x2d c:/users/hiroshi/desktop/stm32toolchain/gnu-arm/5.4 2016q3/bin/../lib/gcc/arm-none-eabi/5.4.1/../../../../arm-none-eabi/lib/armv7-m\libg_nano.a(lib_a-nano-svfprintf.o)
 .ARM.attributes
                0x00000871       0x2d c:/users/hiroshi/desktop/stm32toolchain/gnu-arm/5.4 2016q3/bin/../lib/gcc/arm-none-eabi/5.4.1/../../../../arm-none-eabi/lib/armv7-m\libg_nano.a(lib_a-sbrkr.o)
 .ARM.attributes
                0x0000089e       0x2d c:/users/hiroshi/desktop/stm32toolchain/gnu-arm/5.4 2016q3/bin/../lib/gcc/arm-none-eabi/5.4.1/../../../../arm-none-eabi/lib/armv7-m\libg_nano.a(lib_a-locale.o)
 .ARM.attributes
                0x000008cb       0x2d c:/users/hiroshi/desktop/stm32toolchain/gnu-arm/5.4 2016q3/bin/../lib/gcc/arm-none-eabi/5.4.1/../../../../arm-none-eabi/lib/armv7-m\libg_nano.a(lib_a-mbtowc_r.o)
 .ARM.attributes
                0x000008f8       0x2d c:/users/hiroshi/desktop/stm32toolchain/gnu-arm/5.4 2016q3/bin/../lib/gcc/arm-none-eabi/5.4.1/../../../../arm-none-eabi/lib/armv7-m\libg_nano.a(lib_a-memmove.o)
 .ARM.attributes
                0x00000925       0x2d c:/users/hiroshi/desktop/stm32toolchain/gnu-arm/5.4 2016q3/bin/../lib/gcc/arm-none-eabi/5.4.1/../../../../arm-none-eabi/lib/armv7-m\libg_nano.a(lib_a-mlock.o)
 .ARM.attributes
                0x00000952       0x2d c:/users/hiroshi/desktop/stm32toolchain/gnu-arm/5.4 2016q3/bin/../lib/gcc/arm-none-eabi/5.4.1/../../../../arm-none-eabi/lib/armv7-m\libg_nano.a(lib_a-nano-reallocr.o)
 .ARM.attributes
                0x0000097f       0x2d c:/users/hiroshi/desktop/stm32toolchain/gnu-arm/5.4 2016q3/bin/../lib/gcc/arm-none-eabi/5.4.1/../../../../arm-none-eabi/lib/armv7-m\libg_nano.a(lib_a-wctomb_r.o)
 .ARM.attributes
                0x000009ac       0x2d c:/users/hiroshi/desktop/stm32toolchain/gnu-arm/5.4 2016q3/bin/../lib/gcc/arm-none-eabi/5.4.1/../../../../arm-none-eabi/lib/armv7-m\libg_nano.a(lib_a-ctype_.o)
 .ARM.attributes
                0x000009d9       0x2d c:/users/hiroshi/desktop/stm32toolchain/gnu-arm/5.4 2016q3/bin/../lib/gcc/arm-none-eabi/5.4.1/../../../../arm-none-eabi/lib/armv7-m\libg_nano.a(lib_a-nano-msizer.o)
 .ARM.attributes
                0x00000a06       0x1d c:/users/hiroshi/desktop/stm32toolchain/gnu-arm/5.4 2016q3/bin/../lib/gcc/arm-none-eabi/5.4.1/armv7-m\libgcc.a(_arm_fixdfsi.o)

.debug
 *(.debug)

.line
 *(.line)

.debug_srcinfo
 *(.debug_srcinfo)

.debug_sfnames
 *(.debug_sfnames)

.debug_aranges  0x00000000      0xbf0
 *(.debug_aranges)
 .debug_aranges
                0x00000000       0xb0 ./system/src/stm32f1xx/stm32f1xx_hal.o
 .debug_aranges
                0x000000b0       0xb0 ./system/src/stm32f1xx/stm32f1xx_hal_can.o
 .debug_aranges
                0x00000160       0x90 ./system/src/stm32f1xx/stm32f1xx_hal_cortex.o
 .debug_aranges
                0x000001f0       0x58 ./system/src/stm32f1xx/stm32f1xx_hal_gpio.o
 .debug_aranges
                0x00000248       0x88 ./system/src/stm32f1xx/stm32f1xx_hal_rcc.o
 .debug_aranges
                0x000002d0       0x28 ./system/src/stm32f1xx/stm32f1xx_hal_spi_ex.o
 .debug_aranges
                0x000002f8      0x150 ./system/src/stm32f1xx/stm32f1xx_hal_uart.o
 .debug_aranges
                0x00000448       0x28 ./system/src/newlib/_exit.o
 .debug_aranges
                0x00000470       0x20 ./system/src/newlib/_sbrk.o
 .debug_aranges
                0x00000490       0x40 ./system/src/newlib/_startup.o
 .debug_aranges
                0x000004d0       0x30 ./system/src/newlib/_syscalls.o
 .debug_aranges
                0x00000500       0x38 ./system/src/diag/Trace.o
 .debug_aranges
                0x00000538       0x28 ./system/src/diag/trace_impl.o
 .debug_aranges
                0x00000560       0x28 ./system/src/cortexm/_initialize_hardware.o
 .debug_aranges
                0x00000588       0x88 ./system/src/cortexm/exception_handlers.o
 .debug_aranges
                0x00000610       0x28 ./system/src/cmsis/startup_stm32f103xb.o
 .debug_aranges
                0x00000638       0x28 ./system/src/cmsis/system_stm32f1xx.o
 .debug_aranges
                0x00000660       0x98 ./src/main.o
 .debug_aranges
                0x000006f8       0x50 ./src/stm32f1xx_hal_msp.o
 .debug_aranges
                0x00000748       0x50 ./src/stm32f1xx_it.o
 .debug_aranges
                0x00000798       0x50 ./Middlewares/Third_Party/FreeRTOS/Source/portable/MemMang/heap_4.o
 .debug_aranges
                0x000007e8       0x90 ./Middlewares/Third_Party/FreeRTOS/Source/portable/GCC/ARM_CM3/port.o
 .debug_aranges
                0x00000878      0x1b0 ./Middlewares/Third_Party/FreeRTOS/Source/CMSIS_RTOS/cmsis_os.o
 .debug_aranges
                0x00000a28       0x40 ./Middlewares/Third_Party/FreeRTOS/Source/list.o
 .debug_aranges
                0x00000a68      0x188 ./Middlewares/Third_Party/FreeRTOS/Source/tasks.o

.debug_pubnames
 *(.debug_pubnames)

.debug_info     0x00000000     0xdfcd
 *(.debug_info .gnu.linkonce.wi.*)
 .debug_info    0x00000000      0x683 ./system/src/stm32f1xx/stm32f1xx_hal.o
 .debug_info    0x00000683      0xb7b ./system/src/stm32f1xx/stm32f1xx_hal_can.o
 .debug_info    0x000011fe      0xc12 ./system/src/stm32f1xx/stm32f1xx_hal_cortex.o
 .debug_info    0x00001e10      0x5e7 ./system/src/stm32f1xx/stm32f1xx_hal_gpio.o
 .debug_info    0x000023f7     0x127f ./system/src/stm32f1xx/stm32f1xx_hal_rcc.o
 .debug_info    0x00003676      0x581 ./system/src/stm32f1xx/stm32f1xx_hal_spi_ex.o
 .debug_info    0x00003bf7     0x10c9 ./system/src/stm32f1xx/stm32f1xx_hal_uart.o
 .debug_info    0x00004cc0       0xef ./system/src/newlib/_exit.o
 .debug_info    0x00004daf      0x11f ./system/src/newlib/_sbrk.o
 .debug_info    0x00004ece      0x455 ./system/src/newlib/_startup.o
 .debug_info    0x00005323      0x1c7 ./system/src/newlib/_syscalls.o
 .debug_info    0x000054ea      0x2e7 ./system/src/diag/Trace.o
 .debug_info    0x000057d1      0x114 ./system/src/diag/trace_impl.o
 .debug_info    0x000058e5      0x2b1 ./system/src/cortexm/_initialize_hardware.o
 .debug_info    0x00005b96      0x79d ./system/src/cortexm/exception_handlers.o
 .debug_info    0x00006333       0x9f ./system/src/cmsis/startup_stm32f103xb.o
 .debug_info    0x000063d2      0x3bc ./system/src/cmsis/system_stm32f1xx.o
 .debug_info    0x0000678e     0x2420 ./src/main.o
 .debug_info    0x00008bae     0x1235 ./src/stm32f1xx_hal_msp.o
 .debug_info    0x00009de3      0x147 ./src/stm32f1xx_it.o
 .debug_info    0x00009f2a      0x3a1 ./Middlewares/Third_Party/FreeRTOS/Source/portable/MemMang/heap_4.o
 .debug_info    0x0000a2cb      0x3d7 ./Middlewares/Third_Party/FreeRTOS/Source/portable/GCC/ARM_CM3/port.o
 .debug_info    0x0000a6a2     0x1961 ./Middlewares/Third_Party/FreeRTOS/Source/CMSIS_RTOS/cmsis_os.o
 .debug_info    0x0000c003      0x29a ./Middlewares/Third_Party/FreeRTOS/Source/list.o
 .debug_info    0x0000c29d     0x1d30 ./Middlewares/Third_Party/FreeRTOS/Source/tasks.o

.debug_abbrev   0x00000000     0x27f8
 *(.debug_abbrev)
 .debug_abbrev  0x00000000      0x21f ./system/src/stm32f1xx/stm32f1xx_hal.o
 .debug_abbrev  0x0000021f      0x206 ./system/src/stm32f1xx/stm32f1xx_hal_can.o
 .debug_abbrev  0x00000425      0x2bd ./system/src/stm32f1xx/stm32f1xx_hal_cortex.o
 .debug_abbrev  0x000006e2      0x1cd ./system/src/stm32f1xx/stm32f1xx_hal_gpio.o
 .debug_abbrev  0x000008af      0x287 ./system/src/stm32f1xx/stm32f1xx_hal_rcc.o
 .debug_abbrev  0x00000b36      0x160 ./system/src/stm32f1xx/stm32f1xx_hal_spi_ex.o
 .debug_abbrev  0x00000c96      0x228 ./system/src/stm32f1xx/stm32f1xx_hal_uart.o
 .debug_abbrev  0x00000ebe       0x8e ./system/src/newlib/_exit.o
 .debug_abbrev  0x00000f4c       0xb9 ./system/src/newlib/_sbrk.o
 .debug_abbrev  0x00001005      0x1ac ./system/src/newlib/_startup.o
 .debug_abbrev  0x000011b1       0xec ./system/src/newlib/_syscalls.o
 .debug_abbrev  0x0000129d      0x156 ./system/src/diag/Trace.o
 .debug_abbrev  0x000013f3       0xb4 ./system/src/diag/trace_impl.o
 .debug_abbrev  0x000014a7       0xea ./system/src/cortexm/_initialize_hardware.o
 .debug_abbrev  0x00001591      0x1d4 ./system/src/cortexm/exception_handlers.o
 .debug_abbrev  0x00001765       0x12 ./system/src/cmsis/startup_stm32f103xb.o
 .debug_abbrev  0x00001777      0x125 ./system/src/cmsis/system_stm32f1xx.o
 .debug_abbrev  0x0000189c      0x2da ./src/main.o
 .debug_abbrev  0x00001b76      0x1e3 ./src/stm32f1xx_hal_msp.o
 .debug_abbrev  0x00001d59       0xbb ./src/stm32f1xx_it.o
 .debug_abbrev  0x00001e14      0x1bf ./Middlewares/Third_Party/FreeRTOS/Source/portable/MemMang/heap_4.o
 .debug_abbrev  0x00001fd3      0x1ff ./Middlewares/Third_Party/FreeRTOS/Source/portable/GCC/ARM_CM3/port.o
 .debug_abbrev  0x000021d2      0x2ac ./Middlewares/Third_Party/FreeRTOS/Source/CMSIS_RTOS/cmsis_os.o
 .debug_abbrev  0x0000247e       0xdf ./Middlewares/Third_Party/FreeRTOS/Source/list.o
 .debug_abbrev  0x0000255d      0x29b ./Middlewares/Third_Party/FreeRTOS/Source/tasks.o

.debug_line     0x00000000     0x93bd
 *(.debug_line)
 .debug_line    0x00000000      0x726 ./system/src/stm32f1xx/stm32f1xx_hal.o
 .debug_line    0x00000726      0x9b6 ./system/src/stm32f1xx/stm32f1xx_hal_can.o
 .debug_line    0x000010dc      0x762 ./system/src/stm32f1xx/stm32f1xx_hal_cortex.o
 .debug_line    0x0000183e      0x74c ./system/src/stm32f1xx/stm32f1xx_hal_gpio.o
 .debug_line    0x00001f8a      0xa99 ./system/src/stm32f1xx/stm32f1xx_hal_rcc.o
 .debug_line    0x00002a23      0x602 ./system/src/stm32f1xx/stm32f1xx_hal_spi_ex.o
 .debug_line    0x00003025      0xc1d ./system/src/stm32f1xx/stm32f1xx_hal_uart.o
 .debug_line    0x00003c42      0x345 ./system/src/newlib/_exit.o
 .debug_line    0x00003f87      0x2f6 ./system/src/newlib/_sbrk.o
 .debug_line    0x0000427d      0x3ac ./system/src/newlib/_startup.o
 .debug_line    0x00004629      0x413 ./system/src/newlib/_syscalls.o
 .debug_line    0x00004a3c      0x3b3 ./system/src/diag/Trace.o
 .debug_line    0x00004def      0x3f5 ./system/src/diag/trace_impl.o
 .debug_line    0x000051e4      0x1a9 ./system/src/cortexm/_initialize_hardware.o
 .debug_line    0x0000538d      0x4e0 ./system/src/cortexm/exception_handlers.o
 .debug_line    0x0000586d       0x86 ./system/src/cmsis/startup_stm32f103xb.o
 .debug_line    0x000058f3      0x1b1 ./system/src/cmsis/system_stm32f1xx.o
 .debug_line    0x00005aa4      0x990 ./src/main.o
 .debug_line    0x00006434      0x66d ./src/stm32f1xx_hal_msp.o
 .debug_line    0x00006aa1      0x7af ./src/stm32f1xx_it.o
 .debug_line    0x00007250      0x4d4 ./Middlewares/Third_Party/FreeRTOS/Source/portable/MemMang/heap_4.o
 .debug_line    0x00007724      0x32a ./Middlewares/Third_Party/FreeRTOS/Source/portable/GCC/ARM_CM3/port.o
 .debug_line    0x00007a4e      0x9b3 ./Middlewares/Third_Party/FreeRTOS/Source/CMSIS_RTOS/cmsis_os.o
 .debug_line    0x00008401      0x424 ./Middlewares/Third_Party/FreeRTOS/Source/list.o
 .debug_line    0x00008825      0xb98 ./Middlewares/Third_Party/FreeRTOS/Source/tasks.o

.debug_frame    0x00000000     0x25a0
 *(.debug_frame)
 .debug_frame   0x00000000      0x168 ./system/src/stm32f1xx/stm32f1xx_hal.o
 .debug_frame   0x00000168      0x200 ./system/src/stm32f1xx/stm32f1xx_hal_can.o
 .debug_frame   0x00000368      0x124 ./system/src/stm32f1xx/stm32f1xx_hal_cortex.o
 .debug_frame   0x0000048c       0xc4 ./system/src/stm32f1xx/stm32f1xx_hal_gpio.o
 .debug_frame   0x00000550      0x158 ./system/src/stm32f1xx/stm32f1xx_hal_rcc.o
 .debug_frame   0x000006a8       0x3c ./system/src/stm32f1xx/stm32f1xx_hal_spi_ex.o
 .debug_frame   0x000006e4      0x378 ./system/src/stm32f1xx/stm32f1xx_hal_uart.o
 .debug_frame   0x00000a5c       0x38 ./system/src/newlib/_exit.o
 .debug_frame   0x00000a94       0x28 ./system/src/newlib/_sbrk.o
 .debug_frame   0x00000abc       0x7c ./system/src/newlib/_startup.o
 .debug_frame   0x00000b38       0x50 ./system/src/newlib/_syscalls.o
 .debug_frame   0x00000b88       0x94 ./system/src/diag/Trace.o
 .debug_frame   0x00000c1c       0x30 ./system/src/diag/trace_impl.o
 .debug_frame   0x00000c4c       0x40 ./system/src/cortexm/_initialize_hardware.o
 .debug_frame   0x00000c8c      0x144 ./system/src/cortexm/exception_handlers.o
 .debug_frame   0x00000dd0       0x30 ./system/src/cmsis/system_stm32f1xx.o
 .debug_frame   0x00000e00      0x1d4 ./src/main.o
 .debug_frame   0x00000fd4       0xdc ./src/stm32f1xx_hal_msp.o
 .debug_frame   0x000010b0       0x88 ./src/stm32f1xx_it.o
 .debug_frame   0x00001138       0xac ./Middlewares/Third_Party/FreeRTOS/Source/portable/MemMang/heap_4.o
 .debug_frame   0x000011e4      0x138 ./Middlewares/Third_Party/FreeRTOS/Source/portable/GCC/ARM_CM3/port.o
 .debug_frame   0x0000131c      0x504 ./Middlewares/Third_Party/FreeRTOS/Source/CMSIS_RTOS/cmsis_os.o
 .debug_frame   0x00001820       0x6c ./Middlewares/Third_Party/FreeRTOS/Source/list.o
 .debug_frame   0x0000188c      0x4c8 ./Middlewares/Third_Party/FreeRTOS/Source/tasks.o
 .debug_frame   0x00001d54       0x20 c:/users/hiroshi/desktop/stm32toolchain/gnu-arm/5.4 2016q3/bin/../lib/gcc/arm-none-eabi/5.4.1/../../../../arm-none-eabi/lib/armv7-m\libg_nano.a(lib_a-errno.o)
 .debug_frame   0x00001d74       0x28 c:/users/hiroshi/desktop/stm32toolchain/gnu-arm/5.4 2016q3/bin/../lib/gcc/arm-none-eabi/5.4.1/../../../../arm-none-eabi/lib/armv7-m\libg_nano.a(lib_a-memcpy-stub.o)
 .debug_frame   0x00001d9c       0x20 c:/users/hiroshi/desktop/stm32toolchain/gnu-arm/5.4 2016q3/bin/../lib/gcc/arm-none-eabi/5.4.1/../../../../arm-none-eabi/lib/armv7-m\libg_nano.a(lib_a-memset.o)
 .debug_frame   0x00001dbc       0x8c c:/users/hiroshi/desktop/stm32toolchain/gnu-arm/5.4 2016q3/bin/../lib/gcc/arm-none-eabi/5.4.1/../../../../arm-none-eabi/lib/armv7-m\libg_nano.a(lib_a-nano-vfprintf_float.o)
 .debug_frame   0x00001e48       0x60 c:/users/hiroshi/desktop/stm32toolchain/gnu-arm/5.4 2016q3/bin/../lib/gcc/arm-none-eabi/5.4.1/../../../../arm-none-eabi/lib/armv7-m\libg_nano.a(lib_a-nano-vfprintf_i.o)
 .debug_frame   0x00001ea8       0x70 c:/users/hiroshi/desktop/stm32toolchain/gnu-arm/5.4 2016q3/bin/../lib/gcc/arm-none-eabi/5.4.1/../../../../arm-none-eabi/lib/armv7-m\libg_nano.a(lib_a-sprintf.o)
 .debug_frame   0x00001f18       0x48 c:/users/hiroshi/desktop/stm32toolchain/gnu-arm/5.4 2016q3/bin/../lib/gcc/arm-none-eabi/5.4.1/../../../../arm-none-eabi/lib/armv7-m\libg_nano.a(lib_a-vsnprintf.o)
 .debug_frame   0x00001f60       0x6c c:/users/hiroshi/desktop/stm32toolchain/gnu-arm/5.4 2016q3/bin/../lib/gcc/arm-none-eabi/5.4.1/../../../../arm-none-eabi/lib/armv7-m\libg_nano.a(lib_a-dtoa.o)
 .debug_frame   0x00001fcc       0x40 c:/users/hiroshi/desktop/stm32toolchain/gnu-arm/5.4 2016q3/bin/../lib/gcc/arm-none-eabi/5.4.1/../../../../arm-none-eabi/lib/armv7-m\libg_nano.a(lib_a-localeconv.o)
 .debug_frame   0x0000200c       0x30 c:/users/hiroshi/desktop/stm32toolchain/gnu-arm/5.4 2016q3/bin/../lib/gcc/arm-none-eabi/5.4.1/../../../../arm-none-eabi/lib/armv7-m\libg_nano.a(lib_a-malloc.o)
 .debug_frame   0x0000203c       0x28 c:/users/hiroshi/desktop/stm32toolchain/gnu-arm/5.4 2016q3/bin/../lib/gcc/arm-none-eabi/5.4.1/../../../../arm-none-eabi/lib/armv7-m\libg_nano.a(lib_a-memchr-stub.o)
 .debug_frame   0x00002064      0x234 c:/users/hiroshi/desktop/stm32toolchain/gnu-arm/5.4 2016q3/bin/../lib/gcc/arm-none-eabi/5.4.1/../../../../arm-none-eabi/lib/armv7-m\libg_nano.a(lib_a-mprec.o)
 .debug_frame   0x00002298       0x2c c:/users/hiroshi/desktop/stm32toolchain/gnu-arm/5.4 2016q3/bin/../lib/gcc/arm-none-eabi/5.4.1/../../../../arm-none-eabi/lib/armv7-m\libg_nano.a(lib_a-nano-callocr.o)
 .debug_frame   0x000022c4       0x38 c:/users/hiroshi/desktop/stm32toolchain/gnu-arm/5.4 2016q3/bin/../lib/gcc/arm-none-eabi/5.4.1/../../../../arm-none-eabi/lib/armv7-m\libg_nano.a(lib_a-nano-freer.o)
 .debug_frame   0x000022fc       0x2c c:/users/hiroshi/desktop/stm32toolchain/gnu-arm/5.4 2016q3/bin/../lib/gcc/arm-none-eabi/5.4.1/../../../../arm-none-eabi/lib/armv7-m\libg_nano.a(lib_a-nano-mallocr.o)
 .debug_frame   0x00002328       0x90 c:/users/hiroshi/desktop/stm32toolchain/gnu-arm/5.4 2016q3/bin/../lib/gcc/arm-none-eabi/5.4.1/../../../../arm-none-eabi/lib/armv7-m\libg_nano.a(lib_a-nano-svfprintf.o)
 .debug_frame   0x000023b8       0x2c c:/users/hiroshi/desktop/stm32toolchain/gnu-arm/5.4 2016q3/bin/../lib/gcc/arm-none-eabi/5.4.1/../../../../arm-none-eabi/lib/armv7-m\libg_nano.a(lib_a-sbrkr.o)
 .debug_frame   0x000023e4       0x88 c:/users/hiroshi/desktop/stm32toolchain/gnu-arm/5.4 2016q3/bin/../lib/gcc/arm-none-eabi/5.4.1/../../../../arm-none-eabi/lib/armv7-m\libg_nano.a(lib_a-locale.o)
 .debug_frame   0x0000246c       0x44 c:/users/hiroshi/desktop/stm32toolchain/gnu-arm/5.4 2016q3/bin/../lib/gcc/arm-none-eabi/5.4.1/../../../../arm-none-eabi/lib/armv7-m\libg_nano.a(lib_a-mbtowc_r.o)
 .debug_frame   0x000024b0       0x28 c:/users/hiroshi/desktop/stm32toolchain/gnu-arm/5.4 2016q3/bin/../lib/gcc/arm-none-eabi/5.4.1/../../../../arm-none-eabi/lib/armv7-m\libg_nano.a(lib_a-memmove.o)
 .debug_frame   0x000024d8       0x30 c:/users/hiroshi/desktop/stm32toolchain/gnu-arm/5.4 2016q3/bin/../lib/gcc/arm-none-eabi/5.4.1/../../../../arm-none-eabi/lib/armv7-m\libg_nano.a(lib_a-mlock.o)
 .debug_frame   0x00002508       0x3c c:/users/hiroshi/desktop/stm32toolchain/gnu-arm/5.4 2016q3/bin/../lib/gcc/arm-none-eabi/5.4.1/../../../../arm-none-eabi/lib/armv7-m\libg_nano.a(lib_a-nano-reallocr.o)
 .debug_frame   0x00002544       0x3c c:/users/hiroshi/desktop/stm32toolchain/gnu-arm/5.4 2016q3/bin/../lib/gcc/arm-none-eabi/5.4.1/../../../../arm-none-eabi/lib/armv7-m\libg_nano.a(lib_a-wctomb_r.o)
 .debug_frame   0x00002580       0x20 c:/users/hiroshi/desktop/stm32toolchain/gnu-arm/5.4 2016q3/bin/../lib/gcc/arm-none-eabi/5.4.1/../../../../arm-none-eabi/lib/armv7-m\libg_nano.a(lib_a-nano-msizer.o)

.debug_str      0x00000000    0x94db3
 *(.debug_str)
 .debug_str     0x00000000    0x885eb ./system/src/stm32f1xx/stm32f1xx_hal.o
                              0x88ade (size before relaxing)
 .debug_str     0x000885eb      0x5ce ./system/src/stm32f1xx/stm32f1xx_hal_can.o
                              0x88a44 (size before relaxing)
 .debug_str     0x00088bb9      0x27e ./system/src/stm32f1xx/stm32f1xx_hal_cortex.o
                              0x88ad2 (size before relaxing)
 .debug_str     0x00088e37      0x452 ./system/src/stm32f1xx/stm32f1xx_hal_gpio.o
                              0x888b6 (size before relaxing)
 .debug_str     0x00089289      0x3d6 ./system/src/stm32f1xx/stm32f1xx_hal_rcc.o
                              0x88917 (size before relaxing)
 .debug_str     0x0008965f      0x388 ./system/src/stm32f1xx/stm32f1xx_hal_spi_ex.o
                              0x8880a (size before relaxing)
 .debug_str     0x000899e7      0x4f4 ./system/src/stm32f1xx/stm32f1xx_hal_uart.o
                              0x88b9a (size before relaxing)
 .debug_str     0x00089edb     0x10b6 ./system/src/newlib/_exit.o
                               0x6e63 (size before relaxing)
 .debug_str     0x0008af91      0x366 ./system/src/newlib/_sbrk.o
                               0x624e (size before relaxing)
 .debug_str     0x0008b2f7      0x266 ./system/src/newlib/_startup.o
                               0x5e03 (size before relaxing)
 .debug_str     0x0008b55d      0xe18 ./system/src/newlib/_syscalls.o
                               0x70ae (size before relaxing)
 .debug_str     0x0008c375      0x176 ./system/src/diag/Trace.o
                               0x7653 (size before relaxing)
 .debug_str     0x0008c4eb       0x4b ./system/src/diag/trace_impl.o
                              0x5d73b (size before relaxing)
 .debug_str     0x0008c536       0x5e ./system/src/cortexm/_initialize_hardware.o
                              0x59c1d (size before relaxing)
 .debug_str     0x0008c594      0x1ca ./system/src/cortexm/exception_handlers.o
                              0x5e59c (size before relaxing)
 .debug_str     0x0008c75e       0x4d ./system/src/cmsis/system_stm32f1xx.o
                              0x59c9d (size before relaxing)
 .debug_str     0x0008c7ab     0x6308 ./src/main.o
                              0x8f4ea (size before relaxing)
 .debug_str     0x00092ab3       0x2d ./src/stm32f1xx_hal_msp.o
                              0x88f48 (size before relaxing)
 .debug_str     0x00092ae0       0x39 ./src/stm32f1xx_it.o
                              0x8db26 (size before relaxing)
 .debug_str     0x00092b19      0x2f6 ./Middlewares/Third_Party/FreeRTOS/Source/portable/MemMang/heap_4.o
                               0x981c (size before relaxing)
 .debug_str     0x00092e0f      0x739 ./Middlewares/Third_Party/FreeRTOS/Source/portable/GCC/ARM_CM3/port.o
                               0x7238 (size before relaxing)
 .debug_str     0x00093548      0x944 ./Middlewares/Third_Party/FreeRTOS/Source/CMSIS_RTOS/cmsis_os.o
                               0xc150 (size before relaxing)
 .debug_str     0x00093e8c      0x13d ./Middlewares/Third_Party/FreeRTOS/Source/list.o
                               0x8f3c (size before relaxing)
 .debug_str     0x00093fc9      0xdea ./Middlewares/Third_Party/FreeRTOS/Source/tasks.o
                               0xaf55 (size before relaxing)

.debug_loc      0x00000000     0x5dc2
 *(.debug_loc)
 .debug_loc     0x00000000       0x81 ./system/src/stm32f1xx/stm32f1xx_hal.o
 .debug_loc     0x00000081      0x603 ./system/src/stm32f1xx/stm32f1xx_hal_can.o
 .debug_loc     0x00000684      0x527 ./system/src/stm32f1xx/stm32f1xx_hal_cortex.o
 .debug_loc     0x00000bab      0x377 ./system/src/stm32f1xx/stm32f1xx_hal_gpio.o
 .debug_loc     0x00000f22      0x8e9 ./system/src/stm32f1xx/stm32f1xx_hal_rcc.o
 .debug_loc     0x0000180b       0x58 ./system/src/stm32f1xx/stm32f1xx_hal_spi_ex.o
 .debug_loc     0x00001863     0x1009 ./system/src/stm32f1xx/stm32f1xx_hal_uart.o
 .debug_loc     0x0000286c       0x82 ./system/src/newlib/_sbrk.o
 .debug_loc     0x000028ee      0x265 ./system/src/newlib/_startup.o
 .debug_loc     0x00002b53       0x63 ./system/src/newlib/_syscalls.o
 .debug_loc     0x00002bb6      0x102 ./system/src/diag/Trace.o
 .debug_loc     0x00002cb8       0x21 ./system/src/diag/trace_impl.o
 .debug_loc     0x00002cd9      0x184 ./system/src/cortexm/exception_handlers.o
 .debug_loc     0x00002e5d       0xdf ./system/src/cmsis/system_stm32f1xx.o
 .debug_loc     0x00002f3c      0x366 ./src/main.o
 .debug_loc     0x000032a2      0x10e ./src/stm32f1xx_hal_msp.o
 .debug_loc     0x000033b0      0x2b0 ./Middlewares/Third_Party/FreeRTOS/Source/portable/MemMang/heap_4.o
 .debug_loc     0x00003660       0xa6 ./Middlewares/Third_Party/FreeRTOS/Source/portable/GCC/ARM_CM3/port.o
 .debug_loc     0x00003706      0xeb9 ./Middlewares/Third_Party/FreeRTOS/Source/CMSIS_RTOS/cmsis_os.o
 .debug_loc     0x000045bf       0x65 ./Middlewares/Third_Party/FreeRTOS/Source/list.o
 .debug_loc     0x00004624     0x179e ./Middlewares/Third_Party/FreeRTOS/Source/tasks.o

.debug_macinfo
 *(.debug_macinfo)

.debug_weaknames
 *(.debug_weaknames)

.debug_funcnames
 *(.debug_funcnames)

.debug_typenames
 *(.debug_typenames)

.debug_varnames
 *(.debug_varnames)
OUTPUT(CAN-FreeRTOS-F103CBT6.elf elf32-littlearm)

.debug_ranges   0x00000000      0xab0
 .debug_ranges  0x00000000       0xa0 ./system/src/stm32f1xx/stm32f1xx_hal.o
 .debug_ranges  0x000000a0       0xa0 ./system/src/stm32f1xx/stm32f1xx_hal_can.o
 .debug_ranges  0x00000140       0x80 ./system/src/stm32f1xx/stm32f1xx_hal_cortex.o
 .debug_ranges  0x000001c0       0x48 ./system/src/stm32f1xx/stm32f1xx_hal_gpio.o
 .debug_ranges  0x00000208       0x78 ./system/src/stm32f1xx/stm32f1xx_hal_rcc.o
 .debug_ranges  0x00000280       0x18 ./system/src/stm32f1xx/stm32f1xx_hal_spi_ex.o
 .debug_ranges  0x00000298      0x140 ./system/src/stm32f1xx/stm32f1xx_hal_uart.o
 .debug_ranges  0x000003d8       0x18 ./system/src/newlib/_exit.o
 .debug_ranges  0x000003f0       0x10 ./system/src/newlib/_sbrk.o
 .debug_ranges  0x00000400       0x48 ./system/src/newlib/_startup.o
 .debug_ranges  0x00000448       0x20 ./system/src/newlib/_syscalls.o
 .debug_ranges  0x00000468       0x28 ./system/src/diag/Trace.o
 .debug_ranges  0x00000490       0x18 ./system/src/diag/trace_impl.o
 .debug_ranges  0x000004a8       0x18 ./system/src/cortexm/_initialize_hardware.o
 .debug_ranges  0x000004c0       0x78 ./system/src/cortexm/exception_handlers.o
 .debug_ranges  0x00000538       0x20 ./system/src/cmsis/startup_stm32f103xb.o
 .debug_ranges  0x00000558       0x18 ./system/src/cmsis/system_stm32f1xx.o
 .debug_ranges  0x00000570       0xa0 ./src/main.o
 .debug_ranges  0x00000610       0x40 ./src/stm32f1xx_hal_msp.o
 .debug_ranges  0x00000650       0x40 ./src/stm32f1xx_it.o
 .debug_ranges  0x00000690       0x40 ./Middlewares/Third_Party/FreeRTOS/Source/portable/MemMang/heap_4.o
 .debug_ranges  0x000006d0       0x80 ./Middlewares/Third_Party/FreeRTOS/Source/portable/GCC/ARM_CM3/port.o
 .debug_ranges  0x00000750      0x1a0 ./Middlewares/Third_Party/FreeRTOS/Source/CMSIS_RTOS/cmsis_os.o
 .debug_ranges  0x000008f0       0x30 ./Middlewares/Third_Party/FreeRTOS/Source/list.o
 .debug_ranges  0x00000920      0x190 ./Middlewares/Third_Party/FreeRTOS/Source/tasks.o

.debug_macro    0x00000000    0x1b12e
 .debug_macro   0x00000000      0x2ee ./system/src/stm32f1xx/stm32f1xx_hal.o
 .debug_macro   0x000002ee      0x874 ./system/src/stm32f1xx/stm32f1xx_hal.o
 .debug_macro   0x00000b62       0x94 ./system/src/stm32f1xx/stm32f1xx_hal.o
 .debug_macro   0x00000bf6      0x167 ./system/src/stm32f1xx/stm32f1xx_hal.o
 .debug_macro   0x00000d5d       0x2e ./system/src/stm32f1xx/stm32f1xx_hal.o
 .debug_macro   0x00000d8b       0x22 ./system/src/stm32f1xx/stm32f1xx_hal.o
 .debug_macro   0x00000dad      0x34e ./system/src/stm32f1xx/stm32f1xx_hal.o
 .debug_macro   0x000010fb       0x34 ./system/src/stm32f1xx/stm32f1xx_hal.o
 .debug_macro   0x0000112f       0x34 ./system/src/stm32f1xx/stm32f1xx_hal.o
 .debug_macro   0x00001163      0xb8e ./system/src/stm32f1xx/stm32f1xx_hal.o
 .debug_macro   0x00001cf1     0xf2f7 ./system/src/stm32f1xx/stm32f1xx_hal.o
 .debug_macro   0x00010fe8       0x43 ./system/src/stm32f1xx/stm32f1xx_hal.o
 .debug_macro   0x0001102b     0x3383 ./system/src/stm32f1xx/stm32f1xx_hal.o
 .debug_macro   0x000143ae       0x22 ./system/src/stm32f1xx/stm32f1xx_hal.o
 .debug_macro   0x000143d0       0x4c ./system/src/stm32f1xx/stm32f1xx_hal.o
 .debug_macro   0x0001441c       0x8d ./system/src/stm32f1xx/stm32f1xx_hal.o
 .debug_macro   0x000144a9       0x35 ./system/src/stm32f1xx/stm32f1xx_hal.o
 .debug_macro   0x000144de       0x9c ./system/src/stm32f1xx/stm32f1xx_hal.o
 .debug_macro   0x0001457a       0x16 ./system/src/stm32f1xx/stm32f1xx_hal.o
 .debug_macro   0x00014590       0x4a ./system/src/stm32f1xx/stm32f1xx_hal.o
 .debug_macro   0x000145da       0x97 ./system/src/stm32f1xx/stm32f1xx_hal.o
 .debug_macro   0x00014671      0x30d ./system/src/stm32f1xx/stm32f1xx_hal.o
 .debug_macro   0x0001497e       0xfd ./system/src/stm32f1xx/stm32f1xx_hal.o
 .debug_macro   0x00014a7b       0x10 ./system/src/stm32f1xx/stm32f1xx_hal.o
 .debug_macro   0x00014a8b       0x52 ./system/src/stm32f1xx/stm32f1xx_hal.o
 .debug_macro   0x00014add       0x1f ./system/src/stm32f1xx/stm32f1xx_hal.o
 .debug_macro   0x00014afc       0x43 ./system/src/stm32f1xx/stm32f1xx_hal.o
 .debug_macro   0x00014b3f       0x20 ./system/src/stm32f1xx/stm32f1xx_hal.o
 .debug_macro   0x00014b5f      0x187 ./system/src/stm32f1xx/stm32f1xx_hal.o
 .debug_macro   0x00014ce6       0x10 ./system/src/stm32f1xx/stm32f1xx_hal.o
 .debug_macro   0x00014cf6       0x5e ./system/src/stm32f1xx/stm32f1xx_hal.o
 .debug_macro   0x00014d54       0x1c ./system/src/stm32f1xx/stm32f1xx_hal.o
 .debug_macro   0x00014d70       0x52 ./system/src/stm32f1xx/stm32f1xx_hal.o
 .debug_macro   0x00014dc2       0x40 ./system/src/stm32f1xx/stm32f1xx_hal.o
 .debug_macro   0x00014e02       0x10 ./system/src/stm32f1xx/stm32f1xx_hal.o
 .debug_macro   0x00014e12       0x40 ./system/src/stm32f1xx/stm32f1xx_hal.o
 .debug_macro   0x00014e52       0xd7 ./system/src/stm32f1xx/stm32f1xx_hal.o
 .debug_macro   0x00014f29       0x16 ./system/src/stm32f1xx/stm32f1xx_hal.o
 .debug_macro   0x00014f3f      0x18b ./system/src/stm32f1xx/stm32f1xx_hal.o
 .debug_macro   0x000150ca       0x57 ./system/src/stm32f1xx/stm32f1xx_hal.o
 .debug_macro   0x00015121      0x778 ./system/src/stm32f1xx/stm32f1xx_hal.o
 .debug_macro   0x00015899      0x28b ./system/src/stm32f1xx/stm32f1xx_hal.o
 .debug_macro   0x00015b24      0x141 ./system/src/stm32f1xx/stm32f1xx_hal.o
 .debug_macro   0x00015c65      0x197 ./system/src/stm32f1xx/stm32f1xx_hal.o
 .debug_macro   0x00015dfc      0x1ae ./system/src/stm32f1xx/stm32f1xx_hal.o
 .debug_macro   0x00015faa       0x2d ./system/src/stm32f1xx/stm32f1xx_hal.o
 .debug_macro   0x00015fd7       0x3c ./system/src/stm32f1xx/stm32f1xx_hal.o
 .debug_macro   0x00016013      0x401 ./system/src/stm32f1xx/stm32f1xx_hal.o
 .debug_macro   0x00016414       0x10 ./system/src/stm32f1xx/stm32f1xx_hal.o
 .debug_macro   0x00016424       0x57 ./system/src/stm32f1xx/stm32f1xx_hal.o
 .debug_macro   0x0001647b       0x8c ./system/src/stm32f1xx/stm32f1xx_hal.o
 .debug_macro   0x00016507      0x242 ./system/src/stm32f1xx/stm32f1xx_hal.o
 .debug_macro   0x00016749      0x143 ./system/src/stm32f1xx/stm32f1xx_hal.o
 .debug_macro   0x0001688c      0x1f4 ./system/src/stm32f1xx/stm32f1xx_hal.o
 .debug_macro   0x00016a80      0x256 ./system/src/stm32f1xx/stm32f1xx_hal.o
 .debug_macro   0x00016cd6       0x7c ./system/src/stm32f1xx/stm32f1xx_hal.o
 .debug_macro   0x00016d52      0x2f9 ./system/src/stm32f1xx/stm32f1xx_hal_can.o
 .debug_macro   0x0001704b      0x2ca ./system/src/stm32f1xx/stm32f1xx_hal_cortex.o
 .debug_macro   0x00017315      0x33a ./system/src/stm32f1xx/stm32f1xx_hal_gpio.o
 .debug_macro   0x0001764f      0x2ee ./system/src/stm32f1xx/stm32f1xx_hal_rcc.o
 .debug_macro   0x0001793d      0x2ca ./system/src/stm32f1xx/stm32f1xx_hal_spi_ex.o
 .debug_macro   0x00017c07      0x2cb ./system/src/stm32f1xx/stm32f1xx_hal_uart.o
 .debug_macro   0x00017ed2      0x19c ./system/src/newlib/_exit.o
 .debug_macro   0x0001806e      0x10e ./system/src/newlib/_exit.o
 .debug_macro   0x0001817c       0x8d ./system/src/newlib/_exit.o
 .debug_macro   0x00018209       0x35 ./system/src/newlib/_exit.o
 .debug_macro   0x0001823e      0x151 ./system/src/newlib/_sbrk.o
 .debug_macro   0x0001838f      0x174 ./system/src/newlib/_sbrk.o
 .debug_macro   0x00018503       0x10 ./system/src/newlib/_sbrk.o
 .debug_macro   0x00018513      0x23b ./system/src/newlib/_sbrk.o
 .debug_macro   0x0001874e      0x15b ./system/src/newlib/_startup.o
 .debug_macro   0x000188a9      0x1ff ./system/src/newlib/_syscalls.o
 .debug_macro   0x00018aa8       0x1c ./system/src/newlib/_syscalls.o
 .debug_macro   0x00018ac4       0x10 ./system/src/newlib/_syscalls.o
 .debug_macro   0x00018ad4       0x10 ./system/src/newlib/_syscalls.o
 .debug_macro   0x00018ae4       0x10 ./system/src/newlib/_syscalls.o
 .debug_macro   0x00018af4       0x35 ./system/src/newlib/_syscalls.o
 .debug_macro   0x00018b29      0x122 ./system/src/newlib/_syscalls.o
 .debug_macro   0x00018c4b       0x88 ./system/src/newlib/_syscalls.o
 .debug_macro   0x00018cd3       0x2b ./system/src/newlib/_syscalls.o
 .debug_macro   0x00018cfe      0x118 ./system/src/newlib/_syscalls.o
 .debug_macro   0x00018e16      0x159 ./system/src/newlib/_syscalls.o
 .debug_macro   0x00018f6f       0x16 ./system/src/newlib/_syscalls.o
 .debug_macro   0x00018f85      0x1d9 ./system/src/diag/Trace.o
 .debug_macro   0x0001915e       0x4c ./system/src/diag/Trace.o
 .debug_macro   0x000191aa       0x16 ./system/src/diag/Trace.o
 .debug_macro   0x000191c0      0x1d0 ./system/src/diag/trace_impl.o
 .debug_macro   0x00019390       0x10 ./system/src/diag/trace_impl.o
 .debug_macro   0x000193a0       0xcf ./system/src/diag/trace_impl.o
 .debug_macro   0x0001946f       0xbe ./system/src/diag/trace_impl.o
 .debug_macro   0x0001952d       0x8a ./system/src/cortexm/_initialize_hardware.o
 .debug_macro   0x000195b7      0x221 ./system/src/cortexm/exception_handlers.o
 .debug_macro   0x000197d8       0x3a ./system/src/cortexm/exception_handlers.o
 .debug_macro   0x00019812       0x22 ./system/src/cortexm/exception_handlers.o
 .debug_macro   0x00019834       0x10 ./system/src/cortexm/exception_handlers.o
 .debug_macro   0x00019844       0x92 ./system/src/cmsis/system_stm32f1xx.o
 .debug_macro   0x000198d6      0x40b ./src/main.o
 .debug_macro   0x00019ce1       0x16 ./src/main.o
 .debug_macro   0x00019cf7       0xc5 ./src/main.o
 .debug_macro   0x00019dbc       0x91 ./src/main.o
 .debug_macro   0x00019e4d       0xb0 ./src/main.o
 .debug_macro   0x00019efd       0x7f ./src/main.o
 .debug_macro   0x00019f7c       0x19 ./src/main.o
 .debug_macro   0x00019f95       0xcf ./src/main.o
 .debug_macro   0x0001a064      0x1e1 ./src/main.o
 .debug_macro   0x0001a245      0x2ca ./src/stm32f1xx_hal_msp.o
 .debug_macro   0x0001a50f      0x395 ./src/stm32f1xx_it.o
 .debug_macro   0x0001a8a4      0x19a ./Middlewares/Third_Party/FreeRTOS/Source/portable/MemMang/heap_4.o
 .debug_macro   0x0001aa3e      0x13f ./Middlewares/Third_Party/FreeRTOS/Source/portable/GCC/ARM_CM3/port.o
 .debug_macro   0x0001ab7d      0x1dc ./Middlewares/Third_Party/FreeRTOS/Source/CMSIS_RTOS/cmsis_os.o
 .debug_macro   0x0001ad59       0x26 ./Middlewares/Third_Party/FreeRTOS/Source/CMSIS_RTOS/cmsis_os.o
 .debug_macro   0x0001ad7f      0x173 ./Middlewares/Third_Party/FreeRTOS/Source/list.o
 .debug_macro   0x0001aef2      0x22b ./Middlewares/Third_Party/FreeRTOS/Source/tasks.o
 .debug_macro   0x0001b11d       0x11 ./Middlewares/Third_Party/FreeRTOS/Source/tasks.o